Component: ARM Compiler 5.06 update 6 (build 750) Tool: armlink [4d35ed]

==============================================================================

Section Cross References

    startup_stm32f10x_md.o(RESET) refers to startup_stm32f10x_md.o(.text) for Reset_Handler
    startup_stm32f10x_md.o(RESET) refers to cmsis-dap.o(i.HardFault_Handler) for NMI_Handler
    startup_stm32f10x_md.o(RESET) refers to usbd_stm32f103.o(i.USB_LP_CAN1_RX0_IRQHandler) for USB_LP_CAN1_RX0_IRQHandler
    startup_stm32f10x_md.o(RESET) refers to usbd_user_cdc_acm.o(i.USART2_IRQHandler) for USART2_IRQHandler
    startup_stm32f10x_md.o(.text) refers to system_stm32f10x.o(i.SystemInit) for SystemInit
    startup_stm32f10x_md.o(.text) refers to entry.o(.ARM.Collect$$$$00000000) for __main
    system_stm32f10x.o(i.SetSysClock) refers to system_stm32f10x.o(i.SetSysClockTo72) for SetSysClockTo72
    system_stm32f10x.o(i.SystemCoreClockUpdate) refers to system_stm32f10x.o(.data) for SystemCoreClock
    system_stm32f10x.o(i.SystemInit) refers to system_stm32f10x.o(i.SetSysClock) for SetSysClock
    cmsis-dap.o(i.BoardInit) refers to stm32f10x_gpio.o(i.GPIO_PinRemapConfig) for GPIO_PinRemapConfig
    cmsis-dap.o(i.BoardInit) refers to stm32f10x_gpio.o(i.GPIO_Init) for GPIO_Init
    cmsis-dap.o(i.BoardInit) refers to cmsis-dap.o(i.LEDS_SETUP) for LEDS_SETUP
    cmsis-dap.o(i.BoardInit) refers to cmsis-dap.o(.constdata) for INIT_PINS_A
    cmsis-dap.o(i.Delay_ms) refers to system_stm32f10x.o(.data) for SystemCoreClock
    cmsis-dap.o(i.HardFault_Handler) refers to cmsis-dap.o(i.LEDS_SETUP) for LEDS_SETUP
    cmsis-dap.o(i.HardFault_Handler) refers to cmsis-dap.o(i.LedRunningOn) for LedRunningOn
    cmsis-dap.o(i.HardFault_Handler) refers to cmsis-dap.o(i.Delay_ms) for Delay_ms
    cmsis-dap.o(i.HardFault_Handler) refers to cmsis-dap.o(i.LedRunningOff) for LedRunningOff
    cmsis-dap.o(i.HardFault_Handler) refers to cmsis-dap.o(i.LedConnectedOn) for LedConnectedOn
    cmsis-dap.o(i.HardFault_Handler) refers to cmsis-dap.o(i.LedConnectedOff) for LedConnectedOff
    cmsis-dap.o(i.HardFault_Handler) refers to startup_stm32f10x_md.o(RESET) for __Vectors
    cmsis-dap.o(i.LEDS_SETUP) refers to stm32f10x_gpio.o(i.GPIO_Init) for GPIO_Init
    cmsis-dap.o(i.LEDS_SETUP) refers to cmsis-dap.o(.constdata) for INIT_PINS_LED
    cmsis-dap.o(i.LedConnectedOut) refers to cmsis-dap.o(i.LedConnectedOn) for LedConnectedOn
    cmsis-dap.o(i.LedConnectedOut) refers to cmsis-dap.o(i.LedConnectedOff) for LedConnectedOff
    cmsis-dap.o(i.LedRunningOut) refers to cmsis-dap.o(i.LedRunningOn) for LedRunningOn
    cmsis-dap.o(i.LedRunningOut) refers to cmsis-dap.o(i.LedRunningOff) for LedRunningOff
    cmsis-dap.o(i.NotifyOnStatusChange) refers to usbd_user_cdc_acm.o(i.UART_GetCommunicationErrorStatus) for UART_GetCommunicationErrorStatus
    cmsis-dap.o(i.NotifyOnStatusChange) refers to usbd_user_cdc_acm.o(i.UART_GetStatusLineState) for UART_GetStatusLineState
    cmsis-dap.o(i.NotifyOnStatusChange) refers to usbd_user_cdc_acm.o(i.UART_GetBreak) for UART_GetBreak
    cmsis-dap.o(i.NotifyOnStatusChange) refers to usbd_cdc_acm.o(i.USBD_CDC_ACM_Notify) for USBD_CDC_ACM_Notify
    cmsis-dap.o(i.NotifyOnStatusChange) refers to cmsis-dap.o(.data) for old_notify
    cmsis-dap.o(i.PORT_OFF) refers to stm32f10x_gpio.o(i.GPIO_Init) for GPIO_Init
    cmsis-dap.o(i.PORT_OFF) refers to cmsis-dap.o(.constdata) for INIT_OFF_1
    cmsis-dap.o(i.PORT_SWD_SETUP) refers to stm32f10x_gpio.o(i.GPIO_Init) for GPIO_Init
    cmsis-dap.o(i.PORT_SWD_SETUP) refers to cmsis-dap.o(.constdata) for INIT_SWD_PINS
    cmsis-dap.o(i.PORT_USB_CONNECT_SETUP) refers to stm32f10x_gpio.o(i.GPIO_Init) for GPIO_Init
    cmsis-dap.o(i.PORT_USB_CONNECT_SETUP) refers to cmsis-dap.o(.constdata) for INIT_PIN_USB_CONNECT
    cmsis-dap.o(i.USBD_Error_Event) refers to cmsis-dap.o(i.LedConnectedOn) for LedConnectedOn
    cmsis-dap.o(i.USBD_Error_Event) refers to cmsis-dap.o(i.LedRunningOn) for LedRunningOn
    cmsis-dap.o(i.USBD_Error_Event) refers to usbd_core.o(i.usbd_connect) for usbd_connect
    cmsis-dap.o(i.USBD_Error_Event) refers to usbd_core.o(i.usbd_reset_core) for usbd_reset_core
    cmsis-dap.o(i.USBD_Error_Event) refers to cmsis-dap.o(i.HardFault_Handler) for HardFault_Handler
    cmsis-dap.o(i.fputc) refers to cmsis-dap.o(i.send_char) for send_char
    cmsis-dap.o(i.main) refers to cmsis-dap.o(i.BoardInit) for BoardInit
    cmsis-dap.o(i.main) refers to system_stm32f10x.o(i.SystemCoreClockUpdate) for SystemCoreClockUpdate
    cmsis-dap.o(i.main) refers to cmsis-dap.o(i.LedConnectedOn) for LedConnectedOn
    cmsis-dap.o(i.main) refers to cmsis-dap.o(i.LedConnectedOff) for LedConnectedOff
    cmsis-dap.o(i.main) refers to cmsis-dap.o(i.Delay_ms) for Delay_ms
    cmsis-dap.o(i.main) refers to usbd_core.o(i.usbd_init) for usbd_init
    cmsis-dap.o(i.main) refers to usbd_core.o(i.usbd_connect) for usbd_connect
    cmsis-dap.o(i.main) refers to usbd_core.o(i.usbd_configured) for usbd_configured
[...]
    i.USBD_CDC_ACM_EP_BULK_Event             0x08001290   Section        0  usbd_cdc_acm.o(i.USBD_CDC_ACM_EP_BULK_Event)
    i.USBD_CDC_ACM_EP_INTIN_Event            0x080012ae   Section        0  usbd_cdc_acm.o(i.USBD_CDC_ACM_EP_INTIN_Event)
    i.USBD_CDC_ACM_GetChar                   0x080012b0   Section        0  usbd_cdc_acm.o(i.USBD_CDC_ACM_GetChar)
    i.USBD_CDC_ACM_GetCommFeature            0x080012ca   Section        0  usbd_cdc_acm.o(i.USBD_CDC_ACM_GetCommFeature)
    i.USBD_CDC_ACM_GetEncapsulatedResponse   0x080012ce   Section        0  usbd_cdc_acm.o(i.USBD_CDC_ACM_GetEncapsulatedResponse)
    i.USBD_CDC_ACM_GetLineCoding             0x080012d4   Section        0  usbd_cdc_acm.o(i.USBD_CDC_ACM_GetLineCoding)
    i.USBD_CDC_ACM_Initialize                0x0800130c   Section        0  usbd_cdc_acm.o(i.USBD_CDC_ACM_Initialize)
    i.USBD_CDC_ACM_Notify                    0x08001314   Section        0  usbd_cdc_acm.o(i.USBD_CDC_ACM_Notify)
    i.USBD_CDC_ACM_PortGetLineCoding         0x08001360   Section        0  usbd_user_cdc_acm.o(i.USBD_CDC_ACM_PortGetLineCoding)
    i.USBD_CDC_ACM_PortInitialize            0x08001384   Section        0  usbd_user_cdc_acm.o(i.USBD_CDC_ACM_PortInitialize)
    i.USBD_CDC_ACM_PortReset                 0x080013bc   Section        0  usbd_user_cdc_acm.o(i.USBD_CDC_ACM_PortReset)
    i.USBD_CDC_ACM_PortSetControlLineState   0x080013c4   Section        0  usbd_user_cdc_acm.o(i.USBD_CDC_ACM_PortSetControlLineState)
    i.USBD_CDC_ACM_PortSetLineCoding         0x080013cc   Section        0  usbd_user_cdc_acm.o(i.USBD_CDC_ACM_PortSetLineCoding)
    i.USBD_CDC_ACM_PutChar                   0x08001480   Section        0  usbd_cdc_acm.o(i.USBD_CDC_ACM_PutChar)
    i.USBD_CDC_ACM_Reset                     0x0800149c   Section        0  usbd_cdc_acm.o(i.USBD_CDC_ACM_Reset)
    i.USBD_CDC_ACM_Reset_Event               0x080014ec   Section        0  usbd_cdc_acm.o(i.USBD_CDC_ACM_Reset_Event)
    i.USBD_CDC_ACM_SOF_Event                 0x080014f4   Section        0  usbd_cdc_acm.o(i.USBD_CDC_ACM_SOF_Event)
    i.USBD_CDC_ACM_SendBreak                 0x0800155c   Section        0  usbd_cdc_acm.o(i.USBD_CDC_ACM_SendBreak)
    i.USBD_CDC_ACM_SendEncapsulatedCommand   0x08001560   Section        0  usbd_cdc_acm.o(i.USBD_CDC_ACM_SendEncapsulatedCommand)
    i.USBD_CDC_ACM_SetCommFeature            0x08001564   Section        0  usbd_cdc_acm.o(i.USBD_CDC_ACM_SetCommFeature)
    i.USBD_CDC_ACM_SetControlLineState       0x08001568   Section        0  usbd_cdc_acm.o(i.USBD_CDC_ACM_SetControlLineState)
    i.USBD_CDC_ACM_SetLineCoding             0x08001578   Section        0  usbd_cdc_acm.o(i.USBD_CDC_ACM_SetLineCoding)
    i.USBD_ClrStallEP                        0x080015a4   Section        0  usbd_stm32f103.o(i.USBD_ClrStallEP)
    i.USBD_ConfigEP                          0x080015bc   Section        0  usbd_stm32f103.o(i.USBD_ConfigEP)
    i.USBD_Configure                         0x08001684   Section        0  usbd_stm32f103.o(i.USBD_Configure)
    i.USBD_Configure_Event                   0x0800169c   Section        0  usb_config.o(i.USBD_Configure_Event)
    i.USBD_Connect                           0x080016a0   Section        0  usbd_stm32f103.o(i.USBD_Connect)
    i.USBD_DataInStage                       0x080016d8   Section        0  usbd_core.o(i.USBD_DataInStage)
    i.USBD_DataOutStage                      0x08001710   Section        0  usbd_core.o(i.USBD_DataOutStage)
    i.USBD_DirCtrlEP                         0x08001730   Section        0  usbd_stm32f103.o(i.USBD_DirCtrlEP)
    i.USBD_DisableEP                         0x08001732   Section        0  usbd_stm32f103.o(i.USBD_DisableEP)
    i.USBD_EnableEP                          0x08001740   Section        0  usbd_stm32f103.o(i.USBD_EnableEP)
    i.USBD_EndPoint0                         0x08001750   Section        0  usbd_core.o(i.USBD_EndPoint0)
    i.USBD_EndPoint0_Out_ADC_ReqToEP         0x080019b4   Section        0  usb_config.o(i.USBD_EndPoint0_Out_ADC_ReqToEP)
    i.USBD_EndPoint0_Out_ADC_ReqToIF         0x080019b8   Section        0  usb_config.o(i.USBD_EndPoint0_Out_ADC_ReqToIF)
    i.USBD_EndPoint0_Out_CDC_ReqToIF         0x080019bc   Section        0  usbd_core_cdc.o(i.USBD_EndPoint0_Out_CDC_ReqToIF)
    i.USBD_EndPoint0_Out_CLS_ReqToDEV        0x08001a0c   Section        0  usb_config.o(i.USBD_EndPoint0_Out_CLS_ReqToDEV)
    i.USBD_EndPoint0_Out_CLS_ReqToEP         0x08001a10   Section        0  usb_config.o(i.USBD_EndPoint0_Out_CLS_ReqToEP)
    i.USBD_EndPoint0_Out_CLS_ReqToIF         0x08001a14   Section        0  usb_config.o(i.USBD_EndPoint0_Out_CLS_ReqToIF)
    i.USBD_EndPoint0_Out_HID_ReqToIF         0x08001a18   Section        0  usbd_core_hid.o(i.USBD_EndPoint0_Out_HID_ReqToIF)
    i.USBD_EndPoint0_Setup_ADC_ReqToEP       0x08001a48   Section        0  usb_config.o(i.USBD_EndPoint0_Setup_ADC_ReqToEP)
    i.USBD_EndPoint0_Setup_ADC_ReqToIF       0x08001a4c   Section        0  usb_config.o(i.USBD_EndPoint0_Setup_ADC_ReqToIF)
    i.USBD_EndPoint0_Setup_CDC_ReqToIF       0x08001a50   Section        0  usbd_core_cdc.o(i.USBD_EndPoint0_Setup_CDC_ReqToIF)
    i.USBD_EndPoint0_Setup_CLS_ReqToDEV      0x08001af0   Section        0  usb_config.o(i.USBD_EndPoint0_Setup_CLS_ReqToDEV)
    i.USBD_EndPoint0_Setup_CLS_ReqToEP       0x08001af4   Section        0  usb_config.o(i.USBD_EndPoint0_Setup_CLS_ReqToEP)
    i.USBD_EndPoint0_Setup_CLS_ReqToIF       0x08001af8   Section        0  usb_config.o(i.USBD_EndPoint0_Setup_CLS_ReqToIF)
    i.USBD_EndPoint0_Setup_HID_ReqToIF       0x08001afc   Section        0  usbd_core_hid.o(i.USBD_EndPoint0_Setup_HID_ReqToIF)
    i.USBD_EndPoint0_Setup_MSC_ReqToIF       0x08001ba8   Section        0  usb_config.o(i.USBD_EndPoint0_Setup_MSC_ReqToIF)
    i.USBD_HID_Configure_Event               0x08001bac   Section        0  usbd_hid.o(i.USBD_HID_Configure_Event)
    i.USBD_HID_EP_INTIN_Event                0x08001bd4   Section        0  usbd_hid.o(i.USBD_HID_EP_INTIN_Event)
    i.USBD_HID_EP_INTOUT_Event               0x08001d38   Section        0  usbd_hid.o(i.USBD_HID_EP_INTOUT_Event)
    i.USBD_HID_EP_INT_Event                  0x08001dbc   Section        0  usbd_hid.o(i.USBD_HID_EP_INT_Event)
    i.USBD_HID_GetIdle                       0x08001ddc   Section        0  usbd_hid.o(i.USBD_HID_GetIdle)
    i.USBD_HID_GetProtocol                   0x08001df8   Section        0  usbd_hid.o(i.USBD_HID_GetProtocol)
    i.USBD_HID_GetReport                     0x08001e0c   Section        0  usbd_hid.o(i.USBD_HID_GetReport)
    i.USBD_HID_SOF_Event                     0x08001e48   Section        0  usbd_hid.o(i.USBD_HID_SOF_Event)
    i.USBD_HID_SetIdle                       0x08001f90   Section        0  usbd_hid.o(i.USBD_HID_SetIdle)
    i.USBD_HID_SetProtocol                   0x08001fcc   Section        0  usbd_hid.o(i.USBD_HID_SetProtocol)
    i.USBD_HID_SetReport                     0x08001fe0   Section        0  usbd_hid.o(i.USBD_HID_SetReport)
    i.USBD_Init                              0x08002020   Section        0  usbd_stm32f103.o(i.USBD_Init)
    i.USBD_IntrEna                           0x0800203c   Section        0  usbd_stm32f103.o(i.USBD_IntrEna)
    i.USBD_RTX_TaskInit                      0x08002052   Section        0  usb_config.o(i.USBD_RTX_TaskInit)
    i.USBD_ReadEP                            0x08002054   Section        0  usbd_stm32f103.o(i.USBD_ReadEP)
    i.USBD_ReqClrFeature_MSC                 0x080020b4   Section        0  usb_config.o(i.USBD_ReqClrFeature_MSC)
    i.USBD_ReqGetDescriptor                  0x080020b8   Section        0  usbd_core.o(i.USBD_ReqGetDescriptor)
    i.USBD_ReqGetDescriptor_HID              0x080021e8   Section        0  usbd_core_hid.o(i.USBD_ReqGetDescriptor_HID)
    i.USBD_ReqGetStatus                      0x0800226c   Section        0  usbd_core.o(i.USBD_ReqGetStatus)
    i.USBD_ReqSetClrFeature                  0x080022e8   Section        0  usbd_core.o(i.USBD_ReqSetClrFeature)
    i.USBD_ReqSetConfiguration               0x08002394   Section        0  usbd_core.o(i.USBD_ReqSetConfiguration)
    i.USBD_ReqSetInterface                   0x08002524   Section        0  usbd_core.o(i.USBD_ReqSetInterface)
    i.USBD_Reset                             0x08002650   Section        0  usbd_stm32f103.o(i.USBD_Reset)
    i.USBD_ResetEP                           0x08002704   Section        0  usbd_stm32f103.o(i.USBD_ResetEP)
    i.USBD_Reset_Event                       0x08002710   Section        0  usb_config.o(i.USBD_Reset_Event)
    i.USBD_SOF_Event                         0x08002714   Section        0  usb_config.o(i.USBD_SOF_Event)
    i.USBD_SetAddress                        0x08002724   Section        0  usbd_stm32f103.o(i.USBD_SetAddress)
    i.USBD_SetStallEP                        0x08002738   Section        0  usbd_stm32f103.o(i.USBD_SetStallEP)
    i.USBD_SetupStage                        0x08002748   Section        0  usbd_core.o(i.USBD_SetupStage)
    i.USBD_StatusInStage                     0x08002754   Section        0  usbd_core.o(i.USBD_StatusInStage)
    i.USBD_StatusOutStage                    0x08002760   Section        0  usbd_core.o(i.USBD_StatusOutStage)
    i.USBD_Suspend                           0x0800276c   Section        0  usbd_stm32f103.o(i.USBD_Suspend)
    i.USBD_WakeUp                            0x08002788   Section        0  usbd_stm32f103.o(i.USBD_WakeUp)
    i.USBD_WakeUpCfg                         0x0800279c   Section        0  usbd_stm32f103.o(i.USBD_WakeUpCfg)
    i.USBD_WriteEP                           0x080027a0   Section        0  usbd_stm32f103.o(i.USBD_WriteEP)
    i.USB_LP_CAN1_RX0_IRQHandler             0x08002814   Section        0  usbd_stm32f103.o(i.USB_LP_CAN1_RX0_IRQHandler)
    i.__scatterload_copy                     0x08002978   Section       14  handlers.o(i.__scatterload_copy)
    i.__scatterload_null                     0x08002986   Section        2  handlers.o(i.__scatterload_null)
    i.__scatterload_zeroinit                 0x08002988   Section       14  handlers.o(i.__scatterload_zeroinit)
    i.main                                   0x08002998   Section        0  cmsis-dap.o(i.main)
    i.usbd_class_init                        0x08002b24   Section        0  usb_config.o(i.usbd_class_init)
    i.usbd_configured                        0x08002b34   Section        0  usbd_core.o(i.usbd_configured)
    i.usbd_connect                           0x08002b44   Section        0  usbd_core.o(i.usbd_connect)
    i.usbd_hid_get_protocol                  0x08002b48   Section        0  usbd_hid.o(i.usbd_hid_get_protocol)
    i.usbd_hid_get_report                    0x08002b4c   Section        0  usbd_user_hid.o(i.usbd_hid_get_report)
    i.usbd_hid_get_report_trigger            0x08002bec   Section        0  usbd_hid.o(i.usbd_hid_get_report_trigger)
    i.usbd_hid_init                          0x08002c88   Section        0  usbd_user_hid.o(i.usbd_hid_init)
    i.usbd_hid_process                       0x08002cc8   Section        0  usbd_user_hid.o(i.usbd_hid_process)
    i.usbd_hid_set_protocol                  0x08002d84   Section        0  usbd_hid.o(i.usbd_hid_set_protocol)
    i.usbd_hid_set_report                    0x08002d88   Section        0  usbd_user_hid.o(i.usbd_hid_set_report)
    i.usbd_init                              0x08002e28   Section        0  usbd_core.o(i.usbd_init)
    i.usbd_os_evt_set                        0x08002e44   Section        0  usb_config.o(i.usbd_os_evt_set)
    i.usbd_reset_core                        0x08002e48   Section        0  usbd_core.o(i.usbd_reset_core)
    .constdata                               0x08002e6c   Section       40  cmsis-dap.o(.constdata)
    .constdata                               0x08002e94   Section      472  usb_config.o(.constdata)
    .constdata                               0x0800306c   Section       16  usbd_user_cdc_acm.o(.constdata)
    USERINIT                                 0x08004000   Section       12  userapp.o(USERINIT)
    i.DAP_Connect                            0x0800400c   Section        0  userapp.o(i.DAP_Connect)
    DAP_Connect                              0x0800400d   Thumb Code    48  userapp.o(i.DAP_Connect)
    i.DAP_Delay                              0x08004040   Section        0  userapp.o(i.DAP_Delay)
    DAP_Delay                                0x08004041   Thumb Code    62  userapp.o(i.DAP_Delay)
    i.DAP_Disconnect                         0x08004088   Section        0  userapp.o(i.DAP_Disconnect)
    DAP_Disconnect                           0x08004089   Thumb Code    22  userapp.o(i.DAP_Disconnect)
    i.DAP_Info                               0x080040a4   Section        0  userapp.o(i.DAP_Info)
    DAP_Info                                 0x080040a5   Thumb Code    98  userapp.o(i.DAP_Info)
    i.DAP_LED                                0x0800410c   Section        0  userapp.o(i.DAP_LED)
    DAP_LED                                  0x0800410d   Thumb Code    66  userapp.o(i.DAP_LED)
    i.DAP_ProcessCommand                     0x08004154   Section        0  userapp.o(i.DAP_ProcessCommand)
    i.DAP_ProcessVendorCommand               0x080042a8   Section        0  userapp.o(i.DAP_ProcessVendorCommand)
    i.DAP_ResetTarget                        0x080042b2   Section        0  userapp.o(i.DAP_ResetTarget)
    DAP_ResetTarget                          0x080042b3   Thumb Code    14  userapp.o(i.DAP_ResetTarget)
    i.DAP_SWD_Abort                          0x080042c0   Section        0  userapp.o(i.DAP_SWD_Abort)
    DAP_SWD_Abort                            0x080042c1   Thumb Code    60  userapp.o(i.DAP_SWD_Abort)
    i.DAP_SWD_Configure                      0x08004300   Section        0  userapp.o(i.DAP_SWD_Configure)
    DAP_SWD_Configure                        0x08004301   Thumb Code    32  userapp.o(i.DAP_SWD_Configure)
    i.DAP_SWD_Transfer                       0x08004324   Section        0  userapp.o(i.DAP_SWD_Transfer)
    DAP_SWD_Transfer                         0x08004325   Thumb Code   860  userapp.o(i.DAP_SWD_Transfer)
    i.DAP_SWD_TransferBlock                  0x08004688   Section        0  userapp.o(i.DAP_SWD_TransferBlock)
    DAP_SWD_TransferBlock                    0x08004689   Thumb Code   368  userapp.o(i.DAP_SWD_TransferBlock)
    i.DAP_SWJ_Clock                          0x08004800   Section        0  userapp.o(i.DAP_SWJ_Clock)
    DAP_SWJ_Clock                            0x08004801   Thumb Code   106  userapp.o(i.DAP_SWJ_Clock)
    i.DAP_SWJ_Pins                           0x08004874   Section        0  userapp.o(i.DAP_SWJ_Pins)
    DAP_SWJ_Pins                             0x08004875   Thumb Code   366  userapp.o(i.DAP_SWJ_Pins)
    i.DAP_SWJ_Sequence                       0x08004a04   Section        0  userapp.o(i.DAP_SWJ_Sequence)
    DAP_SWJ_Sequence                         0x08004a05   Thumb Code    32  userapp.o(i.DAP_SWJ_Sequence)
    i.DAP_Setup                              0x08004a24   Section        0  userapp.o(i.DAP_Setup)
    i.DAP_TransferConfigure                  0x08004a58   Section        0  userapp.o(i.DAP_TransferConfigure)
    DAP_TransferConfigure                    0x08004a59   Thumb Code    40  userapp.o(i.DAP_TransferConfigure)
    i.Delayms                                0x08004a84   Section        0  userapp.o(i.Delayms)
    i.PIN_SWCLK_TCK_CLR                      0x08004ab8   Section        0  userapp.o(i.PIN_SWCLK_TCK_CLR)
    PIN_SWCLK_TCK_CLR                        0x08004ab9   Thumb Code     8  userapp.o(i.PIN_SWCLK_TCK_CLR)
    i.PIN_SWCLK_TCK_IN                       0x08004ac4   Section        0  userapp.o(i.PIN_SWCLK_TCK_IN)
    PIN_SWCLK_TCK_IN                         0x08004ac5   Thumb Code    10  userapp.o(i.PIN_SWCLK_TCK_IN)
    i.PIN_SWCLK_TCK_SET                      0x08004ad4   Section        0  userapp.o(i.PIN_SWCLK_TCK_SET)
    PIN_SWCLK_TCK_SET                        0x08004ad5   Thumb Code     8  userapp.o(i.PIN_SWCLK_TCK_SET)
    i.PIN_SWDIO_IN                           0x08004ae0   Section        0  userapp.o(i.PIN_SWDIO_IN)
    PIN_SWDIO_IN                             0x08004ae1   Thumb Code    18  userapp.o(i.PIN_SWDIO_IN)
    i.PIN_SWDIO_OUT                          0x08004af8   Section        0  userapp.o(i.PIN_SWDIO_OUT)
    PIN_SWDIO_OUT                            0x08004af9   Thumb Code    24  userapp.o(i.PIN_SWDIO_OUT)
    i.PIN_SWDIO_OUT_DISABLE                  0x08004b14   Section        0  userapp.o(i.PIN_SWDIO_OUT_DISABLE)
    PIN_SWDIO_OUT_DISABLE                    0x08004b15   Thumb Code    30  userapp.o(i.PIN_SWDIO_OUT_DISABLE)
    i.PIN_SWDIO_OUT_ENABLE                   0x08004b38   Section        0  userapp.o(i.PIN_SWDIO_OUT_ENABLE)
    PIN_SWDIO_OUT_ENABLE                     0x08004b39   Thumb Code    30  userapp.o(i.PIN_SWDIO_OUT_ENABLE)
    i.PIN_SWDIO_TMS_IN                       0x08004b5c   Section        0  userapp.o(i.PIN_SWDIO_TMS_IN)
    PIN_SWDIO_TMS_IN                         0x08004b5d   Thumb Code    10  userapp.o(i.PIN_SWDIO_TMS_IN)
    i.PIN_nRESET_IN                          0x08004b6c   Section        0  userapp.o(i.PIN_nRESET_IN)
    PIN_nRESET_IN                            0x08004b6d   Thumb Code    18  userapp.o(i.PIN_nRESET_IN)
    i.SWD_Transfer                           0x08004b84   Section        0  userapp.o(i.SWD_Transfer)
    i.SWD_TransferFast                       0x08004ba8   Section        0  userapp.o(i.SWD_TransferFast)
    i.SWD_TransferSlow                       0x08004ef8   Section        0  userapp.o(i.SWD_TransferSlow)
    i.SWJ_Sequence                           0x08005588   Section        0  userapp.o(i.SWJ_Sequence)
    i.UserAppAbort                           0x08005604   Section        0  userapp.o(i.UserAppAbort)
    i.UserAppInit                            0x08005610   Section        0  userapp.o(i.UserAppInit)
    .constdata                               0x08005624   Section        4  userapp.o(.constdata)
    .data                                    0x20000000   Section       20  system_stm32f10x.o(.data)
    .data                                    0x20000014   Section       24  cmsis-dap.o(.data)
    old_notify                               0x20000028   Data           4  cmsis-dap.o(.data)
    .data                                    0x2000002c   Section       11  usb_config.o(.data)
    .data                                    0x20000038   Section        6  usbd_stm32f103.o(.data)
    .data                                    0x20000040   Section       19  usbd_user_cdc_acm.o(.data)
    StatusRegister                           0x20000040   Data           4  usbd_user_cdc_acm.o(.data)
    SendBreakFlag                            0x20000044   Data           4  usbd_user_cdc_acm.o(.data)
    BreakFlag                                0x20000048   Data           4  usbd_user_cdc_acm.o(.data)
    line_coding_current                      0x2000004c   Data           7  usbd_user_cdc_acm.o(.data)
    .data                                    0x20000054   Section       24  usbd_user_hid.o(.data)
    USB_RequestFlag                          0x20000054   Data           1  usbd_user_hid.o(.data)
    USB_RequestIn                            0x20000058   Data           4  usbd_user_hid.o(.data)
    USB_RequestOut                           0x2000005c   Data           4  usbd_user_hid.o(.data)
    USB_ResponseIdle                         0x20000060   Data           1  usbd_user_hid.o(.data)
    USB_ResponseFlag                         0x20000061   Data           1  usbd_user_hid.o(.data)
    USB_ResponseIn                           0x20000064   Data           4  usbd_user_hid.o(.data)
    USB_ResponseOut                          0x20000068   Data           4  usbd_user_hid.o(.data)
    .data                                    0x2000006c   Section       20  stm32f10x_rcc.o(.data)
    APBAHBPrescTable                         0x2000006c   Data          16  stm32f10x_rcc.o(.data)
    ADCPrescTable                            0x2000007c   Data           4  stm32f10x_rcc.o(.data)
    .data                                    0x20000080   Section       40  usbd_core.o(.data)
    .data                                    0x200000a8   Section       63  usbd_cdc_acm.o(.data)
    .data                                    0x200000e8   Section       48  usbd_hid.o(.data)
    cnt_for_4ms                              0x200000e8   Data           1  usbd_hid.o(.data)
    .bss                                     0x20000118   Section      332  usb_config.o(.bss)
    .bss                                     0x20000264   Section      544  usbd_user_cdc_acm.o(.bss)
    WrBuffer                                 0x20000264   Data         264  usbd_user_cdc_acm.o(.bss)
    RdBuffer                                 0x2000036c   Data         264  usbd_user_cdc_acm.o(.bss)
    UART_Config                              0x20000474   Data          16  usbd_user_cdc_acm.o(.bss)
    .bss                                     0x20000484   Section     8192  usbd_user_hid.o(.bss)
    USB_Request                              0x20000484   Data        4096  usbd_user_hid.o(.bss)
    USB_Response                             0x20001484   Data        4096  usbd_user_hid.o(.bss)
    .data                                    0x20002800   Section       10  userapp.o(.data)
    Reset_Count                              0x20002809   Data           1  userapp.o(.data)
    .bss                                     0x2000280c   Section      152  userapp.o(.bss)

    Global Symbols

    Symbol Name                              Value     Ov Type        Size  Object(Section)

    BuildAttributes$$THM_ISAv4$P$D$K$B$S$PE$A:L22UL41UL21$X:L11$S22US41US21$IEEE1$IW$~IW$USESV6$~STKCKD$USESV7$~SHL$OSPACE$EBA8$MICROLIB$REQ8$PRES8$EABIv2 0x00000000   Number         0  anon$$obj.o ABSOLUTE
    __ARM_use_no_argv                        0x00000000   Number         0  cmsis-dap.o ABSOLUTE
    USBD_EndPoint10                           - Undefined Weak Reference
    USBD_EndPoint11                           - Undefined Weak Reference
    USBD_EndPoint12                           - Undefined Weak Reference
    USBD_EndPoint13                           - Undefined Weak Reference
    USBD_EndPoint14                           - Undefined Weak Reference
    USBD_EndPoint15                           - Undefined Weak Reference
    USBD_EndPoint4                            - Undefined Weak Reference
    USBD_EndPoint5                            - Undefined Weak Reference
    USBD_EndPoint6                            - Undefined Weak Reference
    USBD_EndPoint7                            - Undefined Weak Reference
    USBD_EndPoint8                            - Undefined Weak Reference
    USBD_EndPoint9                            - Undefined Weak Reference
    USBD_Feature_Event                        - Undefined Weak Reference
    USBD_Interface_Event                      - Undefined Weak Reference
    USBD_Power_Event                          - Undefined Weak Reference
    USBD_Resume_Event                         - Undefined Weak Reference
    USBD_Suspend_Event                        - Undefined Weak Reference
    USBD_WakeUp_Event                         - Undefined Weak Reference
    __cpp_initialize__aeabi_                  - Undefined Weak Reference
    __cxa_finalize                            - Undefined Weak Reference
    __decompress                              - Undefined Weak Reference
    _clock_init                               - Undefined Weak Reference
    _microlib_exit                            - Undefined Weak Reference
    __Vectors_Size                           0x000000ec   Number         0  startup_stm32f10x_md.o ABSOLUTE
    __RL_USBD_VER                            0x00000475   Number         0  usbd_core.o ABSOLUTE
    __Vectors                                0x08000000   Data           0  startup_stm32f10x_md.o(RESET)
    __Vectors_End                            0x080000ec   Data           0  startup_stm32f10x_md.o(RESET)
    __main                                   0x080000ed   Thumb Code     0  entry.o(.ARM.Collect$$$$00000000)
    _main_stk                                0x080000ed   Thumb Code     0  entry4.o(.ARM.Collect$$$$00000003)
    _main_scatterload                        0x080000f1   Thumb Code     0  entry5.o(.ARM.Collect$$$$00000004)
    __main_after_scatterload                 0x080000f5   Thumb Code     0  entry5.o(.ARM.Collect$$$$00000004)
    _main_clock                              0x080000f5   Thumb Code     0  entry7b.o(.ARM.Collect$$$$00000008)
    _main_cpp_init                           0x080000f5   Thumb Code     0  entry8b.o(.ARM.Collect$$$$0000000A)
    _main_init                               0x080000f5   Thumb Code     0  entry9a.o(.ARM.Collect$$$$0000000B)
    __rt_final_cpp                           0x080000fd   Thumb Code     0  entry10a.o(.ARM.Collect$$$$0000000D)
    __rt_final_exit                          0x080000fd   Thumb Code     0  entry11a.o(.ARM.Collect$$$$0000000F)
    Reset_Handler                            0x08000101   Thumb Code     8  startup_stm32f10x_md.o(.text)
    SysTick_Handler                          0x08000119   Thumb Code     2  startup_stm32f10x_md.o(.text)
    ADC1_2_IRQHandler                        0x0800011b   Thumb Code     0  startup_stm32f10x_md.o(.text)
    CAN1_RX1_IRQHandler                      0x0800011b   Thumb Code     0  startup_stm32f10x_md.o(.text)
    CAN1_SCE_IRQHandler                      0x0800011b   Thumb Code     0  startup_stm32f10x_md.o(.text)
    DMA1_Channel1_IRQHandler                 0x0800011b   Thumb Code     0  startup_stm32f10x_md.o(.text)
    DMA1_Channel2_IRQHandler                 0x0800011b   Thumb Code     0  startup_stm32f10x_md.o(.text)
    DMA1_Channel3_IRQHandler                 0x0800011b   Thumb Code     0  startup_stm32f10x_md.o(.text)
    DMA1_Channel4_IRQHandler                 0x0800011b   Thumb Code     0  startup_stm32f10x_md.o(.text)
    DMA1_Channel5_IRQHandler                 0x0800011b   Thumb Code     0  startup_stm32f10x_md.o(.text)
    DMA1_Channel6_IRQHandler                 0x0800011b   Thumb Code     0  startup_stm32f10x_md.o(.text)
    DMA1_Channel7_IRQHandler                 0x0800011b   Thumb Code     0  startup_stm32f10x_md.o(.text)
    EXTI0_IRQHandler                         0x0800011b   Thumb Code     0  startup_stm32f10x_md.o(.text)
    EXTI15_10_IRQHandler                     0x0800011b   Thumb Code     0  startup_stm32f10x_md.o(.text)
    EXTI1_IRQHandler                         0x0800011b   Thumb Code     0  startup_stm32f10x_md.o(.text)
    EXTI2_IRQHandler                         0x0800011b   Thumb Code     0  startup_stm32f10x_md.o(.text)
    EXTI3_IRQHandler                         0x0800011b   Thumb Code     0  startup_stm32f10x_md.o(.text)
    EXTI4_IRQHandler                         0x0800011b   Thumb Code     0  startup_stm32f10x_md.o(.text)
    EXTI9_5_IRQHandler                       0x0800011b   Thumb Code     0  startup_stm32f10x_md.o(.text)
    FLASH_IRQHandler                         0x0800011b   Thumb Code     0  startup_stm32f10x_md.o(.text)
    I2C1_ER_IRQHandler                       0x0800011b   Thumb Code     0  startup_stm32f10x_md.o(.text)
    I2C1_EV_IRQHandler                       0x0800011b   Thumb Code     0  startup_stm32f10x_md.o(.text)
    I2C2_ER_IRQHandler                       0x0800011b   Thumb Code     0  startup_stm32f10x_md.o(.text)
    I2C2_EV_IRQHandler                       0x0800011b   Thumb Code     0  startup_stm32f10x_md.o(.text)
    PVD_IRQHandler                           0x0800011b   Thumb Code     0  startup_stm32f10x_md.o(.text)
    RCC_IRQHandler                           0x0800011b   Thumb Code     0  startup_stm32f10x_md.o(.text)
    RTCAlarm_IRQHandler                      0x0800011b   Thumb Code     0  startup_stm32f10x_md.o(.text)
    RTC_IRQHandler                           0x0800011b   Thumb Code     0  startup_stm32f10x_md.o(.text)
    SPI1_IRQHandler                          0x0800011b   Thumb Code     0  startup_stm32f10x_md.o(.text)
    SPI2_IRQHandler                          0x0800011b   Thumb Code     0  startup_stm32f10x_md.o(.text)
    TAMPER_IRQHandler                        0x0800011b   Thumb Code     0  startup_stm32f10x_md.o(.text)
    TIM1_BRK_IRQHandler                      0x0800011b   Thumb Code     0  startup_stm32f10x_md.o(.text)
    TIM1_CC_IRQHandler                       0x0800011b   Thumb Code     0  startup_stm32f10x_md.o(.text)
    TIM1_TRG_COM_IRQHandler                  0x0800011b   Thumb Code     0  startup_stm32f10x_md.o(.text)
    TIM1_UP_IRQHandler                       0x0800011b   Thumb Code     0  startup_stm32f10x_md.o(.text)
    TIM2_IRQHandler                          0x0800011b   Thumb Code     0  startup_stm32f10x_md.o(.text)
    TIM3_IRQHandler                          0x0800011b   Thumb Code     0  startup_stm32f10x_md.o(.text)
    TIM4_IRQHandler                          0x0800011b   Thumb Code     0  startup_stm32f10x_md.o(.text)
    USART1_IRQHandler                        0x0800011b   Thumb Code     0  startup_stm32f10x_md.o(.text)
    USART3_IRQHandler                        0x0800011b   Thumb Code     0  startup_stm32f10x_md.o(.text)
    USBWakeUp_IRQHandler                     0x0800011b   Thumb Code     0  startup_stm32f10x_md.o(.text)
    USB_HP_CAN1_TX_IRQHandler                0x0800011b   Thumb Code     0  startup_stm32f10x_md.o(.text)
    WWDG_IRQHandler                          0x0800011b   Thumb Code     0  startup_stm32f10x_md.o(.text)
    __aeabi_memcpy                           0x08000125   Thumb Code    36  memcpya.o(.text)
    __aeabi_memcpy4                          0x08000125   Thumb Code     0  memcpya.o(.text)
    __aeabi_memcpy8                          0x08000125   Thumb Code     0  memcpya.o(.text)
    __scatterload                            0x08000149   Thumb Code    28  init.o(.text)
    __scatterload_rt2                        0x08000149   Thumb Code     0  init.o(.text)
    BoardInit                                0x0800016d   Thumb Code    52  cmsis-dap.o(i.BoardInit)
    Delay_ms                                 0x080001c1   Thumb Code    46  cmsis-dap.o(i.Delay_ms)
    EP_Reset                                 0x080001f5   Thumb Code    58  usbd_stm32f103.o(i.EP_Reset)
    EP_Status                                0x08000235   Thumb Code    70  usbd_stm32f103.o(i.EP_Status)
    FLASH_ErasePage                          0x08000281   Thumb Code    72  stm32f10x_flash.o(i.FLASH_ErasePage)
    FLASH_GetBank1Status                     0x080002cd   Thumb Code    48  stm32f10x_flash.o(i.FLASH_GetBank1Status)
    FLASH_Lock                               0x08000301   Thumb Code    14  stm32f10x_flash.o(i.FLASH_Lock)
    FLASH_ProgramHalfWord                    0x08000315   Thumb Code    60  stm32f10x_flash.o(i.FLASH_ProgramHalfWord)
    FLASH_Unlock                             0x08000355   Thumb Code    12  stm32f10x_flash.o(i.FLASH_Unlock)
    FLASH_WaitForLastOperation               0x0800036d   Thumb Code    38  stm32f10x_flash.o(i.FLASH_WaitForLastOperation)
    GPIO_Init                                0x08000393   Thumb Code   278  stm32f10x_gpio.o(i.GPIO_Init)
    GPIO_PinRemapConfig                      0x080004a9   Thumb Code   138  stm32f10x_gpio.o(i.GPIO_PinRemapConfig)
    HID_ProcessCommand                       0x08000539   Thumb Code   374  usbd_user_hid.o(i.HID_ProcessCommand)
    BusFault_Handler                         0x080006d1   Thumb Code     0  cmsis-dap.o(i.HardFault_Handler)
    DebugMon_Handler                         0x080006d1   Thumb Code     0  cmsis-dap.o(i.HardFault_Handler)
    HardFault_Handler                        0x080006d1   Thumb Code    96  cmsis-dap.o(i.HardFault_Handler)
    MemManage_Handler                        0x080006d1   Thumb Code     0  cmsis-dap.o(i.HardFault_Handler)
    NMI_Handler                              0x080006d1   Thumb Code     0  cmsis-dap.o(i.HardFault_Handler)
    PendSV_Handler                           0x080006d1   Thumb Code     0  cmsis-dap.o(i.HardFault_Handler)
    SVC_Handler                              0x080006d1   Thumb Code     0  cmsis-dap.o(i.HardFault_Handler)
    UsageFault_Handler                       0x080006d1   Thumb Code     0  cmsis-dap.o(i.HardFault_Handler)
    LEDS_SETUP                               0x0800073d   Thumb Code    34  cmsis-dap.o(i.LEDS_SETUP)
    LedConnectedOff                          0x0800076d   Thumb Code    10  cmsis-dap.o(i.LedConnectedOff)
    LedConnectedOn                           0x0800077d   Thumb Code    10  cmsis-dap.o(i.LedConnectedOn)
    LedConnectedOut                          0x0800078d   Thumb Code    22  cmsis-dap.o(i.LedConnectedOut)
    LedConnectedToggle                       0x080007a5   Thumb Code    14  cmsis-dap.o(i.LedConnectedToggle)
    LedRunningOff                            0x080007b9   Thumb Code    10  cmsis-dap.o(i.LedRunningOff)
    LedRunningOn                             0x080007c9   Thumb Code    10  cmsis-dap.o(i.LedRunningOn)
    LedRunningOut                            0x080007d9   Thumb Code    22  cmsis-dap.o(i.LedRunningOut)
    NotifyOnStatusChange                     0x080007f1   Thumb Code   108  cmsis-dap.o(i.NotifyOnStatusChange)
    PIN_nRESET_OUT                           0x08000861   Thumb Code    44  cmsis-dap.o(i.PIN_nRESET_OUT)
    PORT_OFF                                 0x08000891   Thumb Code    20  cmsis-dap.o(i.PORT_OFF)
    PORT_SWD_SETUP                           0x080008b1   Thumb Code    48  cmsis-dap.o(i.PORT_SWD_SETUP)
    PORT_USB_CONNECT_SETUP                   0x080008e9   Thumb Code    34  cmsis-dap.o(i.PORT_USB_CONNECT_SETUP)
    RCC_APB1PeriphClockCmd                   0x08000919   Thumb Code    26  stm32f10x_rcc.o(i.RCC_APB1PeriphClockCmd)
    RCC_APB2PeriphClockCmd                   0x08000939   Thumb Code    26  stm32f10x_rcc.o(i.RCC_APB2PeriphClockCmd)
    RCC_GetClocksFreq                        0x08000959   Thumb Code   192  stm32f10x_rcc.o(i.RCC_GetClocksFreq)
    SystemCoreClockUpdate                    0x08000b21   Thumb Code   142  system_stm32f10x.o(i.SystemCoreClockUpdate)
    SystemInit                               0x08000bc5   Thumb Code    78  system_stm32f10x.o(i.SystemInit)
    UART_GetBreak                            0x08000c25   Thumb Code     6  usbd_user_cdc_acm.o(i.UART_GetBreak)
    UART_GetChar                             0x08000c31   Thumb Code    26  usbd_user_cdc_acm.o(i.UART_GetChar)
    UART_GetCommunicationErrorStatus         0x08000c4d   Thumb Code    52  usbd_user_cdc_acm.o(i.UART_GetCommunicationErrorStatus)
    UART_GetStatusLineState                  0x08000c89   Thumb Code     4  usbd_user_cdc_acm.o(i.UART_GetStatusLineState)
    UART_PutChar                             0x08000c8d   Thumb Code    26  usbd_user_cdc_acm.o(i.UART_PutChar)
    UART_ReadData                            0x08000ca9   Thumb Code    76  usbd_user_cdc_acm.o(i.UART_ReadData)
    UART_Reset                               0x08000cf9   Thumb Code    84  usbd_user_cdc_acm.o(i.UART_Reset)
    UART_WriteData                           0x08000d5d   Thumb Code    92  usbd_user_cdc_acm.o(i.UART_WriteData)
    USART2_IRQHandler                        0x08000dc1   Thumb Code   222  usbd_user_cdc_acm.o(i.USART2_IRQHandler)
    USART_Cmd                                0x08000eb9   Thumb Code    24  stm32f10x_usart.o(i.USART_Cmd)
    USART_GetFlagStatus                      0x08000ed1   Thumb Code    26  stm32f10x_usart.o(i.USART_GetFlagStatus)
    USART_GetITStatus                        0x08000eeb   Thumb Code    84  stm32f10x_usart.o(i.USART_GetITStatus)
    USART_ITConfig                           0x08000f3f   Thumb Code    74  stm32f10x_usart.o(i.USART_ITConfig)
    USART_Init                               0x08000f89   Thumb Code   210  stm32f10x_usart.o(i.USART_Init)
    USART_ReceiveData                        0x08001061   Thumb Code    10  stm32f10x_usart.o(i.USART_ReceiveData)
    USART_SendBreak                          0x0800106b   Thumb Code    10  stm32f10x_usart.o(i.USART_SendBreak)
    USART_SendData                           0x08001075   Thumb Code     8  stm32f10x_usart.o(i.USART_SendData)
    USBD_CDC_ACM_ClearCommFeature            0x0800107d   Thumb Code     4  usbd_cdc_acm.o(i.USBD_CDC_ACM_ClearCommFeature)
    USBD_CDC_ACM_DataRead                    0x08001081   Thumb Code    46  usbd_cdc_acm.o(i.USBD_CDC_ACM_DataRead)
    USBD_CDC_ACM_DataReceived                0x080010b5   Thumb Code     4  usbd_cdc_acm.o(i.USBD_CDC_ACM_DataReceived)
    USBD_CDC_ACM_DataSend                    0x080010b9   Thumb Code   108  usbd_cdc_acm.o(i.USBD_CDC_ACM_DataSend)
    USBD_CDC_ACM_EP_BULKIN_Event             0x08001131   Thumb Code    24  usbd_cdc_acm.o(i.USBD_CDC_ACM_EP_BULKIN_Event)
    USBD_CDC_ACM_EP_BULKOUT_Event            0x080011f5   Thumb Code    48  usbd_cdc_acm.o(i.USBD_CDC_ACM_EP_BULKOUT_Event)
    USBD_CDC_ACM_EP_BULK_Event               0x08001291   Thumb Code    30  usbd_cdc_acm.o(i.USBD_CDC_ACM_EP_BULK_Event)
    USBD_CDC_ACM_EP_INTIN_Event              0x080012af   Thumb Code     2  usbd_cdc_acm.o(i.USBD_CDC_ACM_EP_INTIN_Event)
    USBD_CDC_ACM_GetChar                     0x080012b1   Thumb Code    26  usbd_cdc_acm.o(i.USBD_CDC_ACM_GetChar)
    USBD_CDC_ACM_GetCommFeature              0x080012cb   Thumb Code     4  usbd_cdc_acm.o(i.USBD_CDC_ACM_GetCommFeature)
    USBD_CDC_ACM_GetEncapsulatedResponse     0x080012cf   Thumb Code     4  usbd_cdc_acm.o(i.USBD_CDC_ACM_GetEncapsulatedResponse)
    USBD_CDC_ACM_GetLineCoding               0x080012d5   Thumb Code    48  usbd_cdc_acm.o(i.USBD_CDC_ACM_GetLineCoding)
    USBD_CDC_ACM_Initialize                  0x0800130d   Thumb Code     8  usbd_cdc_acm.o(i.USBD_CDC_ACM_Initialize)
    USBD_CDC_ACM_Notify                      0x08001315   Thumb Code    62  usbd_cdc_acm.o(i.USBD_CDC_ACM_Notify)
    USBD_CDC_ACM_PortGetLineCoding           0x08001361   Thumb Code    30  usbd_user_cdc_acm.o(i.USBD_CDC_ACM_PortGetLineCoding)
    USBD_CDC_ACM_PortInitialize              0x08001385   Thumb Code    42  usbd_user_cdc_acm.o(i.USBD_CDC_ACM_PortInitialize)
    USBD_CDC_ACM_PortReset                   0x080013bd   Thumb Code     8  usbd_user_cdc_acm.o(i.USBD_CDC_ACM_PortReset)
    USBD_CDC_ACM_PortSetControlLineState     0x080013c5   Thumb Code     6  usbd_user_cdc_acm.o(i.USBD_CDC_ACM_PortSetControlLineState)
    USBD_CDC_ACM_PortSetLineCoding           0x080013cd   Thumb Code   166  usbd_user_cdc_acm.o(i.USBD_CDC_ACM_PortSetLineCoding)
    USBD_CDC_ACM_PutChar                     0x08001481   Thumb Code    26  usbd_cdc_acm.o(i.USBD_CDC_ACM_PutChar)
    USBD_CDC_ACM_Reset                       0x0800149d   Thumb Code    66  usbd_cdc_acm.o(i.USBD_CDC_ACM_Reset)
    USBD_CDC_ACM_Reset_Event                 0x080014ed   Thumb Code     8  usbd_cdc_acm.o(i.USBD_CDC_ACM_Reset_Event)
    USBD_CDC_ACM_SOF_Event                   0x080014f5   Thumb Code    96  usbd_cdc_acm.o(i.USBD_CDC_ACM_SOF_Event)
    USBD_CDC_ACM_SendBreak                   0x0800155d   Thumb Code     4  usbd_cdc_acm.o(i.USBD_CDC_ACM_SendBreak)
    USBD_CDC_ACM_SendEncapsulatedCommand     0x08001561   Thumb Code     4  usbd_cdc_acm.o(i.USBD_CDC_ACM_SendEncapsulatedCommand)
    USBD_CDC_ACM_SetCommFeature              0x08001565   Thumb Code     4  usbd_cdc_acm.o(i.USBD_CDC_ACM_SetCommFeature)
    USBD_CDC_ACM_SetControlLineState         0x08001569   Thumb Code    12  usbd_cdc_acm.o(i.USBD_CDC_ACM_SetControlLineState)
    USBD_CDC_ACM_SetLineCoding               0x08001579   Thumb Code    36  usbd_cdc_acm.o(i.USBD_CDC_ACM_SetLineCoding)
    USBD_ClrStallEP                          0x080015a5   Thumb Code    22  usbd_stm32f103.o(i.USBD_ClrStallEP)
    USBD_ConfigEP                            0x080015bd   Thumb Code   186  usbd_stm32f103.o(i.USBD_ConfigEP)
    USBD_Configure                           0x08001685   Thumb Code    18  usbd_stm32f103.o(i.USBD_Configure)
    USBD_Configure_Event                     0x0800169d   Thumb Code     4  usb_config.o(i.USBD_Configure_Event)
    USBD_Connect                             0x080016a1   Thumb Code    48  usbd_stm32f103.o(i.USBD_Connect)
    USBD_DataInStage                         0x080016d9   Thumb Code    48  usbd_core.o(i.USBD_DataInStage)
    USBD_DataOutStage                        0x08001711   Thumb Code    26  usbd_core.o(i.USBD_DataOutStage)
    USBD_DirCtrlEP                           0x08001731   Thumb Code     2  usbd_stm32f103.o(i.USBD_DirCtrlEP)
    USBD_DisableEP                           0x08001733   Thumb Code    14  usbd_stm32f103.o(i.USBD_DisableEP)
    USBD_EnableEP                            0x08001741   Thumb Code    16  usbd_stm32f103.o(i.USBD_EnableEP)
    USBD_EndPoint0                           0x08001751   Thumb Code   588  usbd_core.o(i.USBD_EndPoint0)
    USBD_EndPoint0_Out_ADC_ReqToEP           0x080019b5   Thumb Code     4  usb_config.o(i.USBD_EndPoint0_Out_ADC_ReqToEP)
    USBD_EndPoint0_Out_ADC_ReqToIF           0x080019b9   Thumb Code     4  usb_config.o(i.USBD_EndPoint0_Out_ADC_ReqToIF)
    USBD_EndPoint0_Out_CDC_ReqToIF           0x080019bd   Thumb Code    68  usbd_core_cdc.o(i.USBD_EndPoint0_Out_CDC_ReqToIF)
    USBD_EndPoint0_Out_CLS_ReqToDEV          0x08001a0d   Thumb Code     4  usb_config.o(i.USBD_EndPoint0_Out_CLS_ReqToDEV)
    USBD_EndPoint0_Out_CLS_ReqToEP           0x08001a11   Thumb Code     4  usb_config.o(i.USBD_EndPoint0_Out_CLS_ReqToEP)
    USBD_EndPoint0_Out_CLS_ReqToIF           0x08001a15   Thumb Code     4  usb_config.o(i.USBD_EndPoint0_Out_CLS_ReqToIF)
    USBD_EndPoint0_Out_HID_ReqToIF           0x08001a19   Thumb Code    38  usbd_core_hid.o(i.USBD_EndPoint0_Out_HID_ReqToIF)
    USBD_EndPoint0_Setup_ADC_ReqToEP         0x08001a49   Thumb Code     4  usb_config.o(i.USBD_EndPoint0_Setup_ADC_ReqToEP)
    USBD_EndPoint0_Setup_ADC_ReqToIF         0x08001a4d   Thumb Code     4  usb_config.o(i.USBD_EndPoint0_Setup_ADC_ReqToIF)
    USBD_EndPoint0_Setup_CDC_ReqToIF         0x08001a51   Thumb Code   140  usbd_core_cdc.o(i.USBD_EndPoint0_Setup_CDC_ReqToIF)
    USBD_EndPoint0_Setup_CLS_ReqToDEV        0x08001af1   Thumb Code     4  usb_config.o(i.USBD_EndPoint0_Setup_CLS_ReqToDEV)
    USBD_EndPoint0_Setup_CLS_ReqToEP         0x08001af5   Thumb Code     4  usb_config.o(i.USBD_EndPoint0_Setup_CLS_ReqToEP)
    USBD_EndPoint0_Setup_CLS_ReqToIF         0x08001af9   Thumb Code     4  usb_config.o(i.USBD_EndPoint0_Setup_CLS_ReqToIF)
    USBD_EndPoint0_Setup_HID_ReqToIF         0x08001afd   Thumb Code   144  usbd_core_hid.o(i.USBD_EndPoint0_Setup_HID_ReqToIF)
    USBD_EndPoint0_Setup_MSC_ReqToIF         0x08001ba9   Thumb Code     4  usb_config.o(i.USBD_EndPoint0_Setup_MSC_ReqToIF)
    USBD_HID_Configure_Event                 0x08001bad   Thumb Code    34  usbd_hid.o(i.USBD_HID_Configure_Event)
    USBD_HID_EP_INTIN_Event                  0x08001bd5   Thumb Code   326  usbd_hid.o(i.USBD_HID_EP_INTIN_Event)
    USBD_HID_EP_INTOUT_Event                 0x08001d39   Thumb Code   102  usbd_hid.o(i.USBD_HID_EP_INTOUT_Event)
    USBD_HID_EP_INT_Event                    0x08001dbd   Thumb Code    30  usbd_hid.o(i.USBD_HID_EP_INT_Event)
    USBD_HID_GetIdle                         0x08001ddd   Thumb Code    16  usbd_hid.o(i.USBD_HID_GetIdle)
    USBD_HID_GetProtocol                     0x08001df9   Thumb Code    14  usbd_hid.o(i.USBD_HID_GetProtocol)
    USBD_HID_GetReport                       0x08001e0d   Thumb Code    46  usbd_hid.o(i.USBD_HID_GetReport)
    USBD_HID_SOF_Event                       0x08001e49   Thumb Code   288  usbd_hid.o(i.USBD_HID_SOF_Event)
    USBD_HID_SetIdle                         0x08001f91   Thumb Code    42  usbd_hid.o(i.USBD_HID_SetIdle)
    USBD_HID_SetProtocol                     0x08001fcd   Thumb Code    14  usbd_hid.o(i.USBD_HID_SetProtocol)
    USBD_HID_SetReport                       0x08001fe1   Thumb Code    50  usbd_hid.o(i.USBD_HID_SetReport)
    USBD_Init                                0x08002021   Thumb Code    24  usbd_stm32f103.o(i.USBD_Init)
    USBD_IntrEna                             0x0800203d   Thumb Code    22  usbd_stm32f103.o(i.USBD_IntrEna)
    USBD_RTX_TaskInit                        0x08002053   Thumb Code     2  usb_config.o(i.USBD_RTX_TaskInit)
    USBD_ReadEP                              0x08002055   Thumb Code    86  usbd_stm32f103.o(i.USBD_ReadEP)
    USBD_ReqClrFeature_MSC                   0x080020b5   Thumb Code     2  usb_config.o(i.USBD_ReqClrFeature_MSC)
    USBD_ReqGetDescriptor                    0x080020b9   Thumb Code   260  usbd_core.o(i.USBD_ReqGetDescriptor)
    USBD_ReqGetDescriptor_HID                0x080021e9   Thumb Code    90  usbd_core_hid.o(i.USBD_ReqGetDescriptor_HID)
    USBD_ReqGetStatus                        0x0800226d   Thumb Code   116  usbd_core.o(i.USBD_ReqGetStatus)
    USBD_ReqSetClrFeature                    0x080022e9   Thumb Code   168  usbd_core.o(i.USBD_ReqSetClrFeature)
    USBD_ReqSetConfiguration                 0x08002395   Thumb Code   376  usbd_core.o(i.USBD_ReqSetConfiguration)
    USBD_ReqSetInterface                     0x08002525   Thumb Code   280  usbd_core.o(i.USBD_ReqSetInterface)
    USBD_Reset                               0x08002651   Thumb Code   160  usbd_stm32f103.o(i.USBD_Reset)
    USBD_ResetEP                             0x08002705   Thumb Code    12  usbd_stm32f103.o(i.USBD_ResetEP)
    USBD_Reset_Event                         0x08002711   Thumb Code     4  usb_config.o(i.USBD_Reset_Event)
    USBD_SOF_Event                           0x08002715   Thumb Code    14  usb_config.o(i.USBD_SOF_Event)
    USBD_SetAddress                          0x08002725   Thumb Code    16  usbd_stm32f103.o(i.USBD_SetAddress)
    USBD_SetStallEP                          0x08002739   Thumb Code    16  usbd_stm32f103.o(i.USBD_SetStallEP)
    USBD_SetupStage                          0x08002749   Thumb Code     8  usbd_core.o(i.USBD_SetupStage)
    USBD_StatusInStage                       0x08002755   Thumb Code    10  usbd_core.o(i.USBD_StatusInStage)
    USBD_StatusOutStage                      0x08002761   Thumb Code     8  usbd_core.o(i.USBD_StatusOutStage)
    USBD_Suspend                             0x0800276d   Thumb Code    24  usbd_stm32f103.o(i.USBD_Suspend)
    USBD_WakeUp                              0x08002789   Thumb Code    14  usbd_stm32f103.o(i.USBD_WakeUp)
    USBD_WakeUpCfg                           0x0800279d   Thumb Code     2  usbd_stm32f103.o(i.USBD_WakeUpCfg)
    USBD_WriteEP                             0x080027a1   Thumb Code   104  usbd_stm32f103.o(i.USBD_WriteEP)
    USB_LP_CAN1_RX0_IRQHandler               0x08002815   Thumb Code   322  usbd_stm32f103.o(i.USB_LP_CAN1_RX0_IRQHandler)
    __scatterload_copy                       0x08002979   Thumb Code    14  handlers.o(i.__scatterload_copy)
    __scatterload_null                       0x08002987   Thumb Code     2  handlers.o(i.__scatterload_null)
    __scatterload_zeroinit                   0x08002989   Thumb Code    14  handlers.o(i.__scatterload_zeroinit)
    main                                     0x08002999   Thumb Code   358  cmsis-dap.o(i.main)
    usbd_class_init                          0x08002b25   Thumb Code    14  usb_config.o(i.usbd_class_init)
    usbd_configured                          0x08002b35   Thumb Code    12  usbd_core.o(i.usbd_configured)
    usbd_connect                             0x08002b45   Thumb Code     4  usbd_core.o(i.usbd_connect)
    usbd_hid_get_protocol                    0x08002b49   Thumb Code     4  usbd_hid.o(i.usbd_hid_get_protocol)
    usbd_hid_get_report                      0x08002b4d   Thumb Code   140  usbd_user_hid.o(i.usbd_hid_get_report)
    usbd_hid_get_report_trigger              0x08002bed   Thumb Code   132  usbd_hid.o(i.usbd_hid_get_report_trigger)
    usbd_hid_init                            0x08002c89   Thumb Code    36  usbd_user_hid.o(i.usbd_hid_init)
    usbd_hid_process                         0x08002cc9   Thumb Code   150  usbd_user_hid.o(i.usbd_hid_process)
    usbd_hid_set_protocol                    0x08002d85   Thumb Code     2  usbd_hid.o(i.usbd_hid_set_protocol)
    usbd_hid_set_report                      0x08002d89   Thumb Code   138  usbd_user_hid.o(i.usbd_hid_set_report)
    usbd_init                                0x08002e29   Thumb Code    24  usbd_core.o(i.usbd_init)
    usbd_os_evt_set                          0x08002e45   Thumb Code     2  usb_config.o(i.usbd_os_evt_set)
    usbd_reset_core                          0x08002e49   Thumb Code    26  usbd_core.o(i.usbd_reset_core)
    CoreDescriptor                           0x08002e6c   Data           8  cmsis-dap.o(.constdata)
    INIT_PINS_LED                            0x08002e74   Data           4  cmsis-dap.o(.constdata)
    INIT_PIN_USB_CONNECT                     0x08002e78   Data           4  cmsis-dap.o(.constdata)
    INIT_SWD_PINS                            0x08002e7c   Data           4  cmsis-dap.o(.constdata)
    INIT_OFF_1                               0x08002e80   Data           4  cmsis-dap.o(.constdata)
    INIT_OFF_2                               0x08002e84   Data           4  cmsis-dap.o(.constdata)
    INIT_PINS_A                              0x08002e88   Data           4  cmsis-dap.o(.constdata)
    INIT_PINS_B                              0x08002e8c   Data           4  cmsis-dap.o(.constdata)
    INIT_PINS_C                              0x08002e90   Data           4  cmsis-dap.o(.constdata)
    usbd_power                               0x08002e94   Data           1  usb_config.o(.constdata)
    usbd_hs_enable                           0x08002e95   Data           1  usb_config.o(.constdata)
    usbd_if_num                              0x08002e96   Data           2  usb_config.o(.constdata)
    usbd_ep_num                              0x08002e98   Data           1  usb_config.o(.constdata)
    usbd_max_packet0                         0x08002e99   Data           1  usb_config.o(.constdata)
    usbd_hid_if_num                          0x08002e9a   Data           1  usb_config.o(.constdata)
    usbd_hid_ep_intin                        0x08002e9b   Data           1  usb_config.o(.constdata)
    usbd_hid_ep_intout                       0x08002e9c   Data           1  usb_config.o(.constdata)
    usbd_hid_interval                        0x08002e9e   Data           4  usb_config.o(.constdata)
    usbd_hid_maxpacketsize                   0x08002ea2   Data           4  usb_config.o(.constdata)
    usbd_hid_inreport_num                    0x08002ea6   Data           1  usb_config.o(.constdata)
    usbd_hid_outreport_num                   0x08002ea7   Data           1  usb_config.o(.constdata)
    usbd_hid_inreport_max_sz                 0x08002ea8   Data           2  usb_config.o(.constdata)
    usbd_hid_outreport_max_sz                0x08002eaa   Data           2  usb_config.o(.constdata)
    usbd_hid_featreport_max_sz               0x08002eac   Data           2  usb_config.o(.constdata)
    usbd_cdc_acm_cif_num                     0x08002eae   Data           1  usb_config.o(.constdata)
    usbd_cdc_acm_dif_num                     0x08002eaf   Data           1  usb_config.o(.constdata)
    usbd_cdc_acm_ep_intin                    0x08002eb0   Data           1  usb_config.o(.constdata)
    usbd_cdc_acm_ep_bulkin                   0x08002eb1   Data           1  usb_config.o(.constdata)
    usbd_cdc_acm_ep_bulkout                  0x08002eb2   Data           1  usb_config.o(.constdata)
    usbd_cdc_acm_sendbuf_sz                  0x08002eb4   Data           2  usb_config.o(.constdata)
    usbd_cdc_acm_receivebuf_sz               0x08002eb6   Data           2  usb_config.o(.constdata)
    usbd_cdc_acm_maxpacketsize               0x08002eb8   Data           4  usb_config.o(.constdata)
    usbd_cdc_acm_maxpacketsize1              0x08002ebc   Data           4  usb_config.o(.constdata)
    USBD_P_Power_Event                       0x08002ec0   Data           4  usb_config.o(.constdata)
    USBD_P_Reset_Event                       0x08002ec4   Data           4  usb_config.o(.constdata)
    USBD_P_Suspend_Event                     0x08002ec8   Data           4  usb_config.o(.constdata)
    USBD_P_Resume_Event                      0x08002ecc   Data           4  usb_config.o(.constdata)
    USBD_P_WakeUp_Event                      0x08002ed0   Data           4  usb_config.o(.constdata)
    USBD_P_SOF_Event                         0x08002ed4   Data           4  usb_config.o(.constdata)
    USBD_P_Error_Event                       0x08002ed8   Data           4  usb_config.o(.constdata)
    USBD_P_EP                                0x08002edc   Data          64  usb_config.o(.constdata)
    USBD_P_Configure_Event                   0x08002f1c   Data           4  usb_config.o(.constdata)
    USBD_P_Interface_Event                   0x08002f20   Data           4  usb_config.o(.constdata)
    USBD_P_Feature_Event                     0x08002f24   Data           4  usb_config.o(.constdata)
    __rtx                                    0x08002f28   Data           4  usb_config.o(.constdata)
    USBD_HID_ReportDescriptor                0x08002f2c   Data          33  usb_config.o(.constdata)
    USBD_HID_ReportDescriptorSize            0x08002f4e   Data           2  usb_config.o(.constdata)
    USBD_HID_DescriptorOffset                0x08002f50   Data           2  usb_config.o(.constdata)
    USBD_DeviceDescriptor                    0x08002f52   Data          18  usb_config.o(.constdata)
    USBD_DeviceQualifier                     0x08002f64   Data           1  usb_config.o(.constdata)
    USBD_DeviceQualifier_HS                  0x08002f65   Data           1  usb_config.o(.constdata)
    USBD_ConfigDescriptor                    0x08002f66   Data         108  usb_config.o(.constdata)
    USBD_ConfigDescriptor_HS                 0x08002fd2   Data           1  usb_config.o(.constdata)
    USBD_OtherSpeedConfigDescriptor          0x08002fd3   Data           1  usb_config.o(.constdata)
    USBD_OtherSpeedConfigDescriptor_HS       0x08002fd4   Data           1  usb_config.o(.constdata)
    USBD_StringDescriptor                    0x08002fd6   Data         150  usb_config.o(.constdata)
    UART_RX_INIT                             0x0800306c   Data           4  usbd_user_cdc_acm.o(.constdata)
    UART_TX_INIT                             0x08003070   Data           4  usbd_user_cdc_acm.o(.constdata)
    UART_RX_DEINIT                           0x08003074   Data           4  usbd_user_cdc_acm.o(.constdata)
    UART_TX_DEINIT                           0x08003078   Data           4  usbd_user_cdc_acm.o(.constdata)
    Region$$Table$$Base                      0x0800307c   Number         0  anon$$obj.o(Region$$Table)
    Region$$Table$$Limit                     0x080030bc   Number         0  anon$$obj.o(Region$$Table)
    UserAppDescriptor                        0x08004000   Data          12  userapp.o(USERINIT)
    DAP_ProcessCommand                       0x08004155   Thumb Code   334  userapp.o(i.DAP_ProcessCommand)
    DAP_ProcessVendorCommand                 0x080042a9   Thumb Code    10  userapp.o(i.DAP_ProcessVendorCommand)
    DAP_Setup                                0x08004a25   Thumb Code    38  userapp.o(i.DAP_Setup)
    Delayms                                  0x08004a85   Thumb Code    46  userapp.o(i.Delayms)
    SWD_Transfer                             0x08004b85   Thumb Code    32  userapp.o(i.SWD_Transfer)
    SWD_TransferFast                         0x08004ba9   Thumb Code   842  userapp.o(i.SWD_TransferFast)
    SWD_TransferSlow                         0x08004ef9   Thumb Code  1674  userapp.o(i.SWD_TransferSlow)
    SWJ_Sequence                             0x08005589   Thumb Code   116  userapp.o(i.SWJ_Sequence)
    UserAppAbort                             0x08005605   Thumb Code     8  userapp.o(i.UserAppAbort)
    UserAppInit                              0x08005611   Thumb Code    14  userapp.o(i.UserAppInit)
    DAP_FW_Ver                               0x08005624   Data           4  userapp.o(.constdata)
    SystemCoreClock                          0x20000000   Data           4  system_stm32f10x.o(.data)
    AHBPrescTable                            0x20000004   Data          16  system_stm32f10x.o(.data)
    pUserAppDescriptor                       0x20000014   Data           4  cmsis-dap.o(.data)
    usb_rx_ch                                0x20000018   Data           4  cmsis-dap.o(.data)
    usb_tx_ch                                0x2000001c   Data           4  cmsis-dap.o(.data)
    led_count                                0x20000020   Data           4  cmsis-dap.o(.data)
    led_timeout                              0x20000024   Data           4  cmsis-dap.o(.data)
    USBD_AltSetting                          0x2000002c   Data           3  usb_config.o(.data)
    USBD_HID_PollingCnt                      0x20000030   Data           2  usb_config.o(.data)
    USBD_HID_IdleCnt                         0x20000032   Data           1  usb_config.o(.data)
    USBD_HID_IdleReload                      0x20000033   Data           1  usb_config.o(.data)
    USBD_HID_IdleSet                         0x20000034   Data           1  usb_config.o(.data)
    USBD_HID_FeatReport                      0x20000035   Data           2  usb_config.o(.data)
    pBUF_DSCR                                0x20000038   Data           4  usbd_stm32f103.o(.data)
    FreeBufAddr                              0x2000003c   Data           2  usbd_stm32f103.o(.data)
    USBD_DeviceAddress                       0x20000080   Data           1  usbd_core.o(.data)
    USBD_Configuration                       0x20000081   Data           1  usbd_core.o(.data)
    USBD_NumInterfaces                       0x20000082   Data           1  usbd_core.o(.data)
    USBD_HighSpeed                           0x20000083   Data           1  usbd_core.o(.data)
    USBD_ZLP                                 0x20000084   Data           1  usbd_core.o(.data)
    USBD_DeviceStatus                        0x20000086   Data           2  usbd_core.o(.data)
    USBD_EndPointMask                        0x20000088   Data           4  usbd_core.o(.data)
    USBD_EndPointHalt                        0x2000008c   Data           4  usbd_core.o(.data)
    USBD_EndPointNoHaltClr                   0x20000090   Data           4  usbd_core.o(.data)
    USBD_RTX_CoreTask                        0x20000094   Data           4  usbd_core.o(.data)
    USBD_EP0Data                             0x20000098   Data           8  usbd_core.o(.data)
    USBD_SetupPacket                         0x200000a0   Data           8  usbd_core.o(.data)
    control_line_state                       0x200000a8   Data           2  usbd_cdc_acm.o(.data)
    data_send_access                         0x200000ac   Data           4  usbd_cdc_acm.o(.data)
    data_send_active                         0x200000b0   Data           4  usbd_cdc_acm.o(.data)
    data_send_zlp                            0x200000b4   Data           4  usbd_cdc_acm.o(.data)
    data_to_send_wr                          0x200000b8   Data           4  usbd_cdc_acm.o(.data)
    data_to_send_rd                          0x200000bc   Data           4  usbd_cdc_acm.o(.data)
    ptr_data_to_send                         0x200000c0   Data           4  usbd_cdc_acm.o(.data)
    ptr_data_sent                            0x200000c4   Data           4  usbd_cdc_acm.o(.data)
    data_read_access                         0x200000c8   Data           4  usbd_cdc_acm.o(.data)
    data_receive_int_access                  0x200000cc   Data           4  usbd_cdc_acm.o(.data)
    data_received_pending_pckts              0x200000d0   Data           4  usbd_cdc_acm.o(.data)
    data_no_space_for_receive                0x200000d4   Data           4  usbd_cdc_acm.o(.data)
    ptr_data_received                        0x200000d8   Data           4  usbd_cdc_acm.o(.data)
    ptr_data_read                            0x200000dc   Data           4  usbd_cdc_acm.o(.data)
    line_coding                              0x200000e0   Data           7  usbd_cdc_acm.o(.data)
    USBD_HID_Protocol                        0x200000e9   Data           1  usbd_hid.o(.data)
    DataOutToSendLen                         0x200000ea   Data           2  usbd_hid.o(.data)
    DataOutSentLen                           0x200000ec   Data           2  usbd_hid.o(.data)
    DataInReceLen                            0x200000ee   Data           2  usbd_hid.o(.data)
    DataFeatReceLen                          0x200000f0   Data           2  usbd_hid.o(.data)
    DataOutAsyncReq                          0x200000f4   Data           4  usbd_hid.o(.data)
    DataOutUpdateReqMask                     0x200000f8   Data           4  usbd_hid.o(.data)
    DataOutProcessing                        0x200000fc   Data           4  usbd_hid.o(.data)
    DataOutProcessPending                    0x20000100   Data           4  usbd_hid.o(.data)
    ptrDataOut                               0x20000104   Data           4  usbd_hid.o(.data)
    DataOutEndWithShortPacket                0x20000108   Data           4  usbd_hid.o(.data)
    DataOutInProgress                        0x2000010c   Data           4  usbd_hid.o(.data)
    ptrDataIn                                0x20000110   Data           4  usbd_hid.o(.data)
    ptrDataFeat                              0x20000114   Data           4  usbd_hid.o(.data)
    USBD_EP0Buf                              0x20000118   Data          64  usb_config.o(.bss)
    USBD_HID_InReport                        0x20000158   Data          65  usb_config.o(.bss)
    USBD_HID_OutReport                       0x20000199   Data          65  usb_config.o(.bss)
    USBD_CDC_ACM_SendBuf                     0x200001da   Data          64  usb_config.o(.bss)
    USBD_CDC_ACM_ReceiveBuf                  0x2000021a   Data          64  usb_config.o(.bss)
    USBD_CDC_ACM_NotifyBuf                   0x2000025a   Data          10  usb_config.o(.bss)
    pCoreDescriptor                          0x20002800   Data           4  userapp.o(.data)
    write_data                               0x20002804   Data           4  userapp.o(.data)
    DAP_TransferAbort                        0x20002808   Data           1  userapp.o(.data)
    Watch_registers                          0x2000280c   Data          64  userapp.o(.bss)
    Watch_data                               0x2000284c   Data          64  userapp.o(.bss)
    DAP_Data                                 0x2000288c   Data          24  userapp.o(.bss)
    Image$$ARM_LIB_STACK$$ZI$$Limit          0x20005000   Number         0  anon$$obj.o ABSOLUTE



==============================================================================

Memory Map of the image

  Image Entry point : 0x080000ed

  Load Region LR_IROM1 (Base: 0x08000000, Size: 0x000031e0, Max: 0x00010000, ABSOLUTE)

    Execution Region ER_IROM1 (Exec base: 0x08000000, Load base: 0x08000000, Size: 0x000030bc, Max: 0x00004000, ABSOLUTE)

    Exec Addr    Load Addr    Size         Type   Attr      Idx    E Section Name        Object

    0x08000000   0x08000000   0x000000ec   Data   RO            2    RESET               startup_stm32f10x_md.o
    0x080000ec   0x080000ec   0x00000000   Code   RO         2087  * .ARM.Collect$$$$00000000  mc_w.l(entry.o)
    0x080000ec   0x080000ec   0x00000004   Code   RO         2094    .ARM.Collect$$$$00000003  mc_w.l(entry4.o)
    0x080000f0   0x080000f0   0x00000004   Code   RO         2097    .ARM.Collect$$$$00000004  mc_w.l(entry5.o)
    0x080000f4   0x080000f4   0x00000000   Code   RO         2099    .ARM.Collect$$$$00000008  mc_w.l(entry7b.o)
    0x080000f4   0x080000f4   0x00000000   Code   RO         2101    .ARM.Collect$$$$0000000A  mc_w.l(entry8b.o)
    0x080000f4   0x080000f4   0x00000008   Code   RO         2102    .ARM.Collect$$$$0000000B  mc_w.l(entry9a.o)
    0x080000fc   0x080000fc   0x00000000   Code   RO         2104    .ARM.Collect$$$$0000000D  mc_w.l(entry10a.o)
    0x080000fc   0x080000fc   0x00000000   Code   RO         2106    .ARM.Collect$$$$0000000F  mc_w.l(entry11a.o)
    0x080000fc   0x080000fc   0x00000004   Code   RO         2095    .ARM.Collect$$$$00002714  mc_w.l(entry4.o)
    0x08000100   0x08000100   0x00000024   Code   RO            3    .text               startup_stm32f10x_md.o
    0x08000124   0x08000124   0x00000024   Code   RO         2090    .text               mc_w.l(memcpya.o)
    0x08000148   0x08000148   0x00000024   Code   RO         2108    .text               mc_w.l(init.o)
    0x0800016c   0x0800016c   0x00000054   Code   RO          109    i.BoardInit         cmsis-dap.o
    0x080001c0   0x080001c0   0x00000034   Code   RO          110    i.Delay_ms          cmsis-dap.o
    0x080001f4   0x080001f4   0x00000040   Code   RO          747    i.EP_Reset          usbd_stm32f103.o
    0x08000234   0x08000234   0x0000004c   Code   RO          748    i.EP_Status         usbd_stm32f103.o
    0x08000280   0x08000280   0x0000004c   Code   RO         1675    i.FLASH_ErasePage   stm32f10x_flash.o
    0x080002cc   0x080002cc   0x00000034   Code   RO         1676    i.FLASH_GetBank1Status  stm32f10x_flash.o
    0x08000300   0x08000300   0x00000014   Code   RO         1685    i.FLASH_Lock        stm32f10x_flash.o
    0x08000314   0x08000314   0x00000040   Code   RO         1688    i.FLASH_ProgramHalfWord  stm32f10x_flash.o
    0x08000354   0x08000354   0x00000018   Code   RO         1693    i.FLASH_Unlock      stm32f10x_flash.o
    0x0800036c   0x0800036c   0x00000026   Code   RO         1697    i.FLASH_WaitForLastOperation  stm32f10x_flash.o
    0x08000392   0x08000392   0x00000116   Code   RO         1158    i.GPIO_Init         stm32f10x_gpio.o
    0x080004a8   0x080004a8   0x00000090   Code   RO         1160    i.GPIO_PinRemapConfig  stm32f10x_gpio.o
    0x08000538   0x08000538   0x00000198   Code   RO         1100    i.HID_ProcessCommand  usbd_user_hid.o
    0x080006d0   0x080006d0   0x0000006c   Code   RO          111    i.HardFault_Handler  cmsis-dap.o
    0x0800073c   0x0800073c   0x00000030   Code   RO          112    i.LEDS_SETUP        cmsis-dap.o
    0x0800076c   0x0800076c   0x00000010   Code   RO          113    i.LedConnectedOff   cmsis-dap.o
    0x0800077c   0x0800077c   0x00000010   Code   RO          114    i.LedConnectedOn    cmsis-dap.o
    0x0800078c   0x0800078c   0x00000016   Code   RO          115    i.LedConnectedOut   cmsis-dap.o
    0x080007a2   0x080007a2   0x00000002   PAD
    0x080007a4   0x080007a4   0x00000014   Code   RO          116    i.LedConnectedToggle  cmsis-dap.o
    0x080007b8   0x080007b8   0x00000010   Code   RO          117    i.LedRunningOff     cmsis-dap.o
    0x080007c8   0x080007c8   0x00000010   Code   RO          118    i.LedRunningOn      cmsis-dap.o
    0x080007d8   0x080007d8   0x00000016   Code   RO          119    i.LedRunningOut     cmsis-dap.o
    0x080007ee   0x080007ee   0x00000002   PAD
    0x080007f0   0x080007f0   0x00000070   Code   RO          121    i.NotifyOnStatusChange  cmsis-dap.o
    0x08000860   0x08000860   0x00000030   Code   RO          122    i.PIN_nRESET_OUT    cmsis-dap.o
    0x08000890   0x08000890   0x00000020   Code   RO          123    i.PORT_OFF          cmsis-dap.o
    0x080008b0   0x080008b0   0x00000038   Code   RO          124    i.PORT_SWD_SETUP    cmsis-dap.o
    0x080008e8   0x080008e8   0x00000030   Code   RO          125    i.PORT_USB_CONNECT_SETUP  cmsis-dap.o
    0x08000918   0x08000918   0x00000020   Code   RO         1276    i.RCC_APB1PeriphClockCmd  stm32f10x_rcc.o
    0x08000938   0x08000938   0x00000020   Code   RO         1278    i.RCC_APB2PeriphClockCmd  stm32f10x_rcc.o
    0x08000958   0x08000958   0x000000d4   Code   RO         1286    i.RCC_GetClocksFreq  stm32f10x_rcc.o
    0x08000a2c   0x08000a2c   0x00000008   Code   RO           11    i.SetSysClock       system_stm32f10x.o
    0x08000a34   0x08000a34   0x000000ec   Code   RO           12    i.SetSysClockTo72   system_stm32f10x.o
    0x08000b20   0x08000b20   0x000000a4   Code   RO           13    i.SystemCoreClockUpdate  system_stm32f10x.o
    0x08000bc4   0x08000bc4   0x00000060   Code   RO           14    i.SystemInit        system_stm32f10x.o
    0x08000c24   0x08000c24   0x0000000c   Code   RO          927    i.UART_GetBreak     usbd_user_cdc_acm.o
    0x08000c30   0x08000c30   0x0000001a   Code   RO          928    i.UART_GetChar      usbd_user_cdc_acm.o
    0x08000c4a   0x08000c4a   0x00000002   PAD
    0x08000c4c   0x08000c4c   0x0000003c   Code   RO          929    i.UART_GetCommunicationErrorStatus  usbd_user_cdc_acm.o
    0x08000c88   0x08000c88   0x00000004   Code   RO          930    i.UART_GetStatusLineState  usbd_user_cdc_acm.o
    0x08000c8c   0x08000c8c   0x0000001a   Code   RO          931    i.UART_PutChar      usbd_user_cdc_acm.o
    0x08000ca6   0x08000ca6   0x00000002   PAD
    0x08000ca8   0x08000ca8   0x00000050   Code   RO          932    i.UART_ReadData     usbd_user_cdc_acm.o
    0x08000cf8   0x08000cf8   0x00000064   Code   RO          933    i.UART_Reset        usbd_user_cdc_acm.o
    0x08000d5c   0x08000d5c   0x00000064   Code   RO          935    i.UART_WriteData    usbd_user_cdc_acm.o
    0x08000dc0   0x08000dc0   0x000000f8   Code   RO          936    i.USART2_IRQHandler  usbd_user_cdc_acm.o
    0x08000eb8   0x08000eb8   0x00000018   Code   RO         1486    i.USART_Cmd         stm32f10x_usart.o
    0x08000ed0   0x08000ed0   0x0000001a   Code   RO         1489    i.USART_GetFlagStatus  stm32f10x_usart.o
    0x08000eea   0x08000eea   0x00000054   Code   RO         1490    i.USART_GetITStatus  stm32f10x_usart.o
    0x08000f3e   0x08000f3e   0x0000004a   Code   RO         1492    i.USART_ITConfig    stm32f10x_usart.o
    0x08000f88   0x08000f88   0x000000d8   Code   RO         1493    i.USART_Init        stm32f10x_usart.o
    0x08001060   0x08001060   0x0000000a   Code   RO         1500    i.USART_ReceiveData  stm32f10x_usart.o
    0x0800106a   0x0800106a   0x0000000a   Code   RO         1502    i.USART_SendBreak   stm32f10x_usart.o
    0x08001074   0x08001074   0x00000008   Code   RO         1503    i.USART_SendData    stm32f10x_usart.o
    0x0800107c   0x0800107c   0x00000004   Code   RO         1936    i.USBD_CDC_ACM_ClearCommFeature  USB_CM3.lib(usbd_cdc_acm.o)
    0x08001080   0x08001080   0x00000034   Code   RO         1938    i.USBD_CDC_ACM_DataRead  USB_CM3.lib(usbd_cdc_acm.o)
    0x080010b4   0x080010b4   0x00000004   Code   RO         1939    i.USBD_CDC_ACM_DataReceived  USB_CM3.lib(usbd_cdc_acm.o)
    0x080010b8   0x080010b8   0x00000078   Code   RO         1940    i.USBD_CDC_ACM_DataSend  USB_CM3.lib(usbd_cdc_acm.o)
    0x08001130   0x08001130   0x0000001c   Code   RO         1941    i.USBD_CDC_ACM_EP_BULKIN_Event  USB_CM3.lib(usbd_cdc_acm.o)
    0x0800114c   0x0800114c   0x000000a8   Code   RO         1942    i.USBD_CDC_ACM_EP_BULKIN_HandleData  USB_CM3.lib(usbd_cdc_acm.o)
    0x080011f4   0x080011f4   0x00000034   Code   RO         1943    i.USBD_CDC_ACM_EP_BULKOUT_Event  USB_CM3.lib(usbd_cdc_acm.o)
    0x08001228   0x08001228   0x00000068   Code   RO         1944    i.USBD_CDC_ACM_EP_BULKOUT_HandleData  USB_CM3.lib(usbd_cdc_acm.o)
    0x08001290   0x08001290   0x0000001e   Code   RO         1945    i.USBD_CDC_ACM_EP_BULK_Event  USB_CM3.lib(usbd_cdc_acm.o)
    0x080012ae   0x080012ae   0x00000002   Code   RO         1946    i.USBD_CDC_ACM_EP_INTIN_Event  USB_CM3.lib(usbd_cdc_acm.o)
    0x080012b0   0x080012b0   0x0000001a   Code   RO         1947    i.USBD_CDC_ACM_GetChar  USB_CM3.lib(usbd_cdc_acm.o)
    0x080012ca   0x080012ca   0x00000004   Code   RO         1948    i.USBD_CDC_ACM_GetCommFeature  USB_CM3.lib(usbd_cdc_acm.o)
    0x080012ce   0x080012ce   0x00000004   Code   RO         1949    i.USBD_CDC_ACM_GetEncapsulatedResponse  USB_CM3.lib(usbd_cdc_acm.o)
    0x080012d2   0x080012d2   0x00000002   PAD
    0x080012d4   0x080012d4   0x00000038   Code   RO         1950    i.USBD_CDC_ACM_GetLineCoding  USB_CM3.lib(usbd_cdc_acm.o)
    0x0800130c   0x0800130c   0x00000008   Code   RO         1951    i.USBD_CDC_ACM_Initialize  USB_CM3.lib(usbd_cdc_acm.o)
    0x08001314   0x08001314   0x0000004c   Code   RO         1952    i.USBD_CDC_ACM_Notify  USB_CM3.lib(usbd_cdc_acm.o)
    0x08001360   0x08001360   0x00000024   Code   RO          937    i.USBD_CDC_ACM_PortGetLineCoding  usbd_user_cdc_acm.o
    0x08001384   0x08001384   0x00000038   Code   RO          938    i.USBD_CDC_ACM_PortInitialize  usbd_user_cdc_acm.o
    0x080013bc   0x080013bc   0x00000008   Code   RO          939    i.USBD_CDC_ACM_PortReset  usbd_user_cdc_acm.o
    0x080013c4   0x080013c4   0x00000006   Code   RO          940    i.USBD_CDC_ACM_PortSetControlLineState  usbd_user_cdc_acm.o
    0x080013ca   0x080013ca   0x00000002   PAD
    0x080013cc   0x080013cc   0x000000b4   Code   RO          941    i.USBD_CDC_ACM_PortSetLineCoding  usbd_user_cdc_acm.o
    0x08001480   0x08001480   0x0000001a   Code   RO         1959    i.USBD_CDC_ACM_PutChar  USB_CM3.lib(usbd_cdc_acm.o)
    0x0800149a   0x0800149a   0x00000002   PAD
    0x0800149c   0x0800149c   0x00000050   Code   RO         1960    i.USBD_CDC_ACM_Reset  USB_CM3.lib(usbd_cdc_acm.o)
    0x080014ec   0x080014ec   0x00000008   Code   RO         1961    i.USBD_CDC_ACM_Reset_Event  USB_CM3.lib(usbd_cdc_acm.o)
    0x080014f4   0x080014f4   0x00000068   Code   RO         1962    i.USBD_CDC_ACM_SOF_Event  USB_CM3.lib(usbd_cdc_acm.o)
    0x0800155c   0x0800155c   0x00000004   Code   RO         1963    i.USBD_CDC_ACM_SendBreak  USB_CM3.lib(usbd_cdc_acm.o)
    0x08001560   0x08001560   0x00000004   Code   RO         1964    i.USBD_CDC_ACM_SendEncapsulatedCommand  USB_CM3.lib(usbd_cdc_acm.o)
    0x08001564   0x08001564   0x00000004   Code   RO         1965    i.USBD_CDC_ACM_SetCommFeature  USB_CM3.lib(usbd_cdc_acm.o)
    0x08001568   0x08001568   0x00000010   Code   RO         1966    i.USBD_CDC_ACM_SetControlLineState  USB_CM3.lib(usbd_cdc_acm.o)
    0x08001578   0x08001578   0x0000002c   Code   RO         1967    i.USBD_CDC_ACM_SetLineCoding  USB_CM3.lib(usbd_cdc_acm.o)
    0x080015a4   0x080015a4   0x00000016   Code   RO          750    i.USBD_ClrStallEP   usbd_stm32f103.o
    0x080015ba   0x080015ba   0x00000002   PAD
    0x080015bc   0x080015bc   0x000000c8   Code   RO          751    i.USBD_ConfigEP     usbd_stm32f103.o
    0x08001684   0x08001684   0x00000018   Code   RO          752    i.USBD_Configure    usbd_stm32f103.o
    0x0800169c   0x0800169c   0x00000004   Code   RO          571    i.USBD_Configure_Event  usb_config.o
    0x080016a0   0x080016a0   0x00000038   Code   RO          753    i.USBD_Connect      usbd_stm32f103.o
    0x080016d8   0x080016d8   0x00000038   Code   RO         1895    i.USBD_DataInStage  USB_CM3.lib(usbd_core.o)
    0x08001710   0x08001710   0x00000020   Code   RO         1896    i.USBD_DataOutStage  USB_CM3.lib(usbd_core.o)
    0x08001730   0x08001730   0x00000002   Code   RO          754    i.USBD_DirCtrlEP    usbd_stm32f103.o
    0x08001732   0x08001732   0x0000000e   Code   RO          755    i.USBD_DisableEP    usbd_stm32f103.o
    0x08001740   0x08001740   0x00000010   Code   RO          756    i.USBD_EnableEP     usbd_stm32f103.o
    0x08001750   0x08001750   0x00000264   Code   RO         1897    i.USBD_EndPoint0    USB_CM3.lib(usbd_core.o)
    0x080019b4   0x080019b4   0x00000004   Code   RO          572    i.USBD_EndPoint0_Out_ADC_ReqToEP  usb_config.o
    0x080019b8   0x080019b8   0x00000004   Code   RO          573    i.USBD_EndPoint0_Out_ADC_ReqToIF  usb_config.o
    0x080019bc   0x080019bc   0x00000050   Code   RO         2065    i.USBD_EndPoint0_Out_CDC_ReqToIF  USB_CM3.lib(usbd_core_cdc.o)
    0x08001a0c   0x08001a0c   0x00000004   Code   RO          574    i.USBD_EndPoint0_Out_CLS_ReqToDEV  usb_config.o
    0x08001a10   0x08001a10   0x00000004   Code   RO          575    i.USBD_EndPoint0_Out_CLS_ReqToEP  usb_config.o
    0x08001a14   0x08001a14   0x00000004   Code   RO          576    i.USBD_EndPoint0_Out_CLS_ReqToIF  usb_config.o
    0x08001a18   0x08001a18   0x00000030   Code   RO         2075    i.USBD_EndPoint0_Out_HID_ReqToIF  USB_CM3.lib(usbd_core_hid.o)
    0x08001a48   0x08001a48   0x00000004   Code   RO          578    i.USBD_EndPoint0_Setup_ADC_ReqToEP  usb_config.o
    0x08001a4c   0x08001a4c   0x00000004   Code   RO          579    i.USBD_EndPoint0_Setup_ADC_ReqToIF  usb_config.o
    0x08001a50   0x08001a50   0x000000a0   Code   RO         2066    i.USBD_EndPoint0_Setup_CDC_ReqToIF  USB_CM3.lib(usbd_core_cdc.o)
    0x08001af0   0x08001af0   0x00000004   Code   RO          580    i.USBD_EndPoint0_Setup_CLS_ReqToDEV  usb_config.o
    0x08001af4   0x08001af4   0x00000004   Code   RO          581    i.USBD_EndPoint0_Setup_CLS_ReqToEP  usb_config.o
    0x08001af8   0x08001af8   0x00000004   Code   RO          582    i.USBD_EndPoint0_Setup_CLS_ReqToIF  usb_config.o
    0x08001afc   0x08001afc   0x000000ac   Code   RO         2076    i.USBD_EndPoint0_Setup_HID_ReqToIF  USB_CM3.lib(usbd_core_hid.o)
    0x08001ba8   0x08001ba8   0x00000004   Code   RO          583    i.USBD_EndPoint0_Setup_MSC_ReqToIF  usb_config.o
    0x08001bac   0x08001bac   0x00000028   Code   RO         2018    i.USBD_HID_Configure_Event  USB_CM3.lib(usbd_hid.o)
    0x08001bd4   0x08001bd4   0x00000164   Code   RO         2019    i.USBD_HID_EP_INTIN_Event  USB_CM3.lib(usbd_hid.o)
    0x08001d38   0x08001d38   0x00000084   Code   RO         2020    i.USBD_HID_EP_INTOUT_Event  USB_CM3.lib(usbd_hid.o)
    0x08001dbc   0x08001dbc   0x0000001e   Code   RO         2021    i.USBD_HID_EP_INT_Event  USB_CM3.lib(usbd_hid.o)
    0x08001dda   0x08001dda   0x00000002   PAD
    0x08001ddc   0x08001ddc   0x0000001c   Code   RO         2022    i.USBD_HID_GetIdle  USB_CM3.lib(usbd_hid.o)
    0x08001df8   0x08001df8   0x00000014   Code   RO         2023    i.USBD_HID_GetProtocol  USB_CM3.lib(usbd_hid.o)
    0x08001e0c   0x08001e0c   0x0000003c   Code   RO         2024    i.USBD_HID_GetReport  USB_CM3.lib(usbd_hid.o)
    0x08001e48   0x08001e48   0x00000148   Code   RO         2025    i.USBD_HID_SOF_Event  USB_CM3.lib(usbd_hid.o)
    0x08001f90   0x08001f90   0x0000003c   Code   RO         2026    i.USBD_HID_SetIdle  USB_CM3.lib(usbd_hid.o)
    0x08001fcc   0x08001fcc   0x00000014   Code   RO         2027    i.USBD_HID_SetProtocol  USB_CM3.lib(usbd_hid.o)
    0x08001fe0   0x08001fe0   0x00000040   Code   RO         2028    i.USBD_HID_SetReport  USB_CM3.lib(usbd_hid.o)
    0x08002020   0x08002020   0x0000001c   Code   RO          758    i.USBD_Init         usbd_stm32f103.o
    0x0800203c   0x0800203c   0x00000016   Code   RO          759    i.USBD_IntrEna      usbd_stm32f103.o
    0x08002052   0x08002052   0x00000002   Code   RO          584    i.USBD_RTX_TaskInit  usb_config.o
    0x08002054   0x08002054   0x00000060   Code   RO          760    i.USBD_ReadEP       usbd_stm32f103.o
    0x080020b4   0x080020b4   0x00000002   Code   RO          585    i.USBD_ReqClrFeature_MSC  usb_config.o
    0x080020b6   0x080020b6   0x00000002   PAD
    0x080020b8   0x080020b8   0x00000130   Code   RO         1922    i.USBD_ReqGetDescriptor  USB_CM3.lib(usbd_core.o)
    0x080021e8   0x080021e8   0x00000084   Code   RO         2077    i.USBD_ReqGetDescriptor_HID  USB_CM3.lib(usbd_core_hid.o)
    0x0800226c   0x0800226c   0x0000007c   Code   RO         1928    i.USBD_ReqGetStatus  USB_CM3.lib(usbd_core.o)
    0x080022e8   0x080022e8   0x000000ac   Code   RO         1920    i.USBD_ReqSetClrFeature  USB_CM3.lib(usbd_core.o)
    0x08002394   0x08002394   0x00000190   Code   RO         1924    i.USBD_ReqSetConfiguration  USB_CM3.lib(usbd_core.o)
    0x08002524   0x08002524   0x0000012c   Code   RO         1926    i.USBD_ReqSetInterface  USB_CM3.lib(usbd_core.o)
    0x08002650   0x08002650   0x000000b4   Code   RO          761    i.USBD_Reset        usbd_stm32f103.o
    0x08002704   0x08002704   0x0000000c   Code   RO          762    i.USBD_ResetEP      usbd_stm32f103.o
    0x08002710   0x08002710   0x00000004   Code   RO          586    i.USBD_Reset_Event  usb_config.o
    0x08002714   0x08002714   0x0000000e   Code   RO          587    i.USBD_SOF_Event    usb_config.o
    0x08002722   0x08002722   0x00000002   PAD
    0x08002724   0x08002724   0x00000014   Code   RO          764    i.USBD_SetAddress   usbd_stm32f103.o
    0x08002738   0x08002738   0x00000010   Code   RO          765    i.USBD_SetStallEP   usbd_stm32f103.o
    0x08002748   0x08002748   0x0000000c   Code   RO         1899    i.USBD_SetupStage   USB_CM3.lib(usbd_core.o)
    0x08002754   0x08002754   0x0000000a   Code   RO         1900    i.USBD_StatusInStage  USB_CM3.lib(usbd_core.o)
    0x0800275e   0x0800275e   0x00000002   PAD
    0x08002760   0x08002760   0x0000000c   Code   RO         1901    i.USBD_StatusOutStage  USB_CM3.lib(usbd_core.o)
    0x0800276c   0x0800276c   0x0000001c   Code   RO          766    i.USBD_Suspend      usbd_stm32f103.o
    0x08002788   0x08002788   0x00000014   Code   RO          767    i.USBD_WakeUp       usbd_stm32f103.o
    0x0800279c   0x0800279c   0x00000002   Code   RO          768    i.USBD_WakeUpCfg    usbd_stm32f103.o
    0x0800279e   0x0800279e   0x00000002   PAD
    0x080027a0   0x080027a0   0x00000074   Code   RO          769    i.USBD_WriteEP      usbd_stm32f103.o
    0x08002814   0x08002814   0x00000164   Code   RO          770    i.USB_LP_CAN1_RX0_IRQHandler  usbd_stm32f103.o
    0x08002978   0x08002978   0x0000000e   Code   RO         2111    i.__scatterload_copy  mc_w.l(handlers.o)
    0x08002986   0x08002986   0x00000002   Code   RO         2112    i.__scatterload_null  mc_w.l(handlers.o)
    0x08002988   0x08002988   0x0000000e   Code   RO         2113    i.__scatterload_zeroinit  mc_w.l(handlers.o)
    0x08002996   0x08002996   0x00000002   PAD
    0x08002998   0x08002998   0x0000018c   Code   RO          128    i.main              cmsis-dap.o
    0x08002b24   0x08002b24   0x0000000e   Code   RO          588    i.usbd_class_init   usb_config.o
    0x08002b32   0x08002b32   0x00000002   PAD
    0x08002b34   0x08002b34   0x00000010   Code   RO         1902    i.usbd_configured   USB_CM3.lib(usbd_core.o)
    0x08002b44   0x08002b44   0x00000004   Code   RO         1903    i.usbd_connect      USB_CM3.lib(usbd_core.o)
    0x08002b48   0x08002b48   0x00000004   Code   RO         2032    i.usbd_hid_get_protocol  USB_CM3.lib(usbd_hid.o)
    0x08002b4c   0x08002b4c   0x000000a0   Code   RO         1101    i.usbd_hid_get_report  usbd_user_hid.o
    0x08002bec   0x08002bec   0x0000009c   Code   RO         2034    i.usbd_hid_get_report_trigger  USB_CM3.lib(usbd_hid.o)
    0x08002c88   0x08002c88   0x00000040   Code   RO         1102    i.usbd_hid_init     usbd_user_hid.o
    0x08002cc8   0x08002cc8   0x000000bc   Code   RO         1103    i.usbd_hid_process  usbd_user_hid.o
    0x08002d84   0x08002d84   0x00000002   Code   RO         2036    i.usbd_hid_set_protocol  USB_CM3.lib(usbd_hid.o)
    0x08002d86   0x08002d86   0x00000002   PAD
    0x08002d88   0x08002d88   0x000000a0   Code   RO         1104    i.usbd_hid_set_report  usbd_user_hid.o
    0x08002e28   0x08002e28   0x0000001c   Code   RO         1904    i.usbd_init         USB_CM3.lib(usbd_core.o)
    0x08002e44   0x08002e44   0x00000002   Code   RO          590    i.usbd_os_evt_set   usb_config.o
    0x08002e46   0x08002e46   0x00000002   PAD
    0x08002e48   0x08002e48   0x00000024   Code   RO         1905    i.usbd_reset_core   USB_CM3.lib(usbd_core.o)
    0x08002e6c   0x08002e6c   0x00000028   Data   RO          130    .constdata          cmsis-dap.o
    0x08002e94   0x08002e94   0x000001d8   Data   RO          593    .constdata          usb_config.o
    0x0800306c   0x0800306c   0x00000010   Data   RO          944    .constdata          usbd_user_cdc_acm.o
    0x0800307c   0x0800307c   0x00000040   Data   RO         2110    Region$$Table       anon$$obj.o


    Execution Region RW_IRAM1 (Exec base: 0x20000000, Load base: 0x080030bc, Size: 0x00002484, Max: 0x00002800, ABSOLUTE)

    Exec Addr    Load Addr    Size         Type   Attr      Idx    E Section Name        Object

    0x20000000   0x080030bc   0x00000014   Data   RW           15    .data               system_stm32f10x.o
    0x20000014   0x080030d0   0x00000018   Data   RW          131    .data               cmsis-dap.o
    0x2000002c   0x080030e8   0x0000000b   Data   RW          594    .data               usb_config.o
    0x20000037   0x080030f3   0x00000001   PAD
    0x20000038   0x080030f4   0x00000006   Data   RW          771    .data               usbd_stm32f103.o
    0x2000003e   0x080030fa   0x00000002   PAD
    0x20000040   0x080030fc   0x00000013   Data   RW          945    .data               usbd_user_cdc_acm.o
    0x20000053   0x0800310f   0x00000001   PAD
    0x20000054   0x08003110   0x00000018   Data   RW         1106    .data               usbd_user_hid.o
    0x2000006c   0x08003128   0x00000014   Data   RW         1306    .data               stm32f10x_rcc.o
    0x20000080   0x0800313c   0x00000028   Data   RW         1907    .data               USB_CM3.lib(usbd_core.o)
    0x200000a8   0x08003164   0x0000003f   Data   RW         1973    .data               USB_CM3.lib(usbd_cdc_acm.o)
    0x200000e7   0x080031a3   0x00000001   PAD
    0x200000e8   0x080031a4   0x00000030   Data   RW         2038    .data               USB_CM3.lib(usbd_hid.o)
    0x20000118        -       0x0000014c   Zero   RW          592    .bss                usb_config.o
    0x20000264        -       0x00000220   Zero   RW          943    .bss                usbd_user_cdc_acm.o
    0x20000484        -       0x00002000   Zero   RW         1105    .bss                usbd_user_hid.o


    Execution Region RW_USER (Exec base: 0x20002800, Load base: 0x080031d4, Size: 0x000000a4, Max: 0x00002000, ABSOLUTE)

    Exec Addr    Load Addr    Size         Type   Attr      Idx    E Section Name        Object

    0x20002800   0x080031d4   0x0000000a   Data   RW          395    .data               userapp.o
    0x2000280a   0x080031de   0x00000002   PAD
    0x2000280c        -       0x00000098   Zero   RW          393    .bss                userapp.o


    Execution Region ARM_LIB_STACK (Exec base: 0x20004800, Load base: 0x080030bc, Size: 0x00000800, Max: 0x00000800, ABSOLUTE)

    Exec Addr    Load Addr    Size         Type   Attr      Idx    E Section Name        Object

    0x20004800        -       0x00000800   Zero   RW            1    ARM_LIB_STACK.bss   anon$$obj.o



  Load Region LR_IROM2 (Base: 0x08004000, Size: 0x00001628, Max: 0x0000c000, ABSOLUTE)

    Execution Region ER_IROM2 (Exec base: 0x08004000, Load base: 0x08004000, Size: 0x00001628, Max: 0x0000c000, ABSOLUTE)

    Exec Addr    Load Addr    Size         Type   Attr      Idx    E Section Name        Object

    0x08004000   0x08004000   0x0000000c   Data   RO          396    USERINIT            userapp.o
    0x0800400c   0x0800400c   0x00000034   Code   RO          360    i.DAP_Connect       userapp.o
    0x08004040   0x08004040   0x00000048   Code   RO          361    i.DAP_Delay         userapp.o
    0x08004088   0x08004088   0x0000001c   Code   RO          362    i.DAP_Disconnect    userapp.o
    0x080040a4   0x080040a4   0x00000068   Code   RO          363    i.DAP_Info          userapp.o
    0x0800410c   0x0800410c   0x00000048   Code   RO          364    i.DAP_LED           userapp.o
    0x08004154   0x08004154   0x00000154   Code   RO          365    i.DAP_ProcessCommand  userapp.o
    0x080042a8   0x080042a8   0x0000000a   Code   RO          366    i.DAP_ProcessVendorCommand  userapp.o
    0x080042b2   0x080042b2   0x0000000e   Code   RO          367    i.DAP_ResetTarget   userapp.o
    0x080042c0   0x080042c0   0x00000040   Code   RO          368    i.DAP_SWD_Abort     userapp.o
    0x08004300   0x08004300   0x00000024   Code   RO          369    i.DAP_SWD_Configure  userapp.o
    0x08004324   0x08004324   0x00000364   Code   RO          370    i.DAP_SWD_Transfer  userapp.o
    0x08004688   0x08004688   0x00000178   Code   RO          371    i.DAP_SWD_TransferBlock  userapp.o
    0x08004800   0x08004800   0x00000074   Code   RO          372    i.DAP_SWJ_Clock     userapp.o
    0x08004874   0x08004874   0x00000190   Code   RO          373    i.DAP_SWJ_Pins      userapp.o
    0x08004a04   0x08004a04   0x00000020   Code   RO          374    i.DAP_SWJ_Sequence  userapp.o
    0x08004a24   0x08004a24   0x00000034   Code   RO          375    i.DAP_Setup         userapp.o
    0x08004a58   0x08004a58   0x0000002c   Code   RO          376    i.DAP_TransferConfigure  userapp.o
    0x08004a84   0x08004a84   0x00000034   Code   RO          377    i.Delayms           userapp.o
    0x08004ab8   0x08004ab8   0x0000000c   Code   RO          378    i.PIN_SWCLK_TCK_CLR  userapp.o
    0x08004ac4   0x08004ac4   0x00000010   Code   RO          379    i.PIN_SWCLK_TCK_IN  userapp.o
    0x08004ad4   0x08004ad4   0x0000000c   Code   RO          380    i.PIN_SWCLK_TCK_SET  userapp.o
    0x08004ae0   0x08004ae0   0x00000018   Code   RO          381    i.PIN_SWDIO_IN      userapp.o
    0x08004af8   0x08004af8   0x0000001c   Code   RO          382    i.PIN_SWDIO_OUT     userapp.o
    0x08004b14   0x08004b14   0x00000024   Code   RO          383    i.PIN_SWDIO_OUT_DISABLE  userapp.o
    0x08004b38   0x08004b38   0x00000024   Code   RO          384    i.PIN_SWDIO_OUT_ENABLE  userapp.o
    0x08004b5c   0x08004b5c   0x00000010   Code   RO          385    i.PIN_SWDIO_TMS_IN  userapp.o
    0x08004b6c   0x08004b6c   0x00000018   Code   RO          386    i.PIN_nRESET_IN     userapp.o
    0x08004b84   0x08004b84   0x00000024   Code   RO          387    i.SWD_Transfer      userapp.o
    0x08004ba8   0x08004ba8   0x00000350   Code   RO          388    i.SWD_TransferFast  userapp.o
    0x08004ef8   0x08004ef8   0x00000690   Code   RO          389    i.SWD_TransferSlow  userapp.o
    0x08005588   0x08005588   0x0000007c   Code   RO          390    i.SWJ_Sequence      userapp.o
    0x08005604   0x08005604   0x0000000c   Code   RO          391    i.UserAppAbort      userapp.o
    0x08005610   0x08005610   0x00000014   Code   RO          392    i.UserAppInit       userapp.o
    0x08005624   0x08005624   0x00000004   Data   RO          394    .constdata          userapp.o


==============================================================================

Image component sizes


      Code (inc. data)   RO Data    RW Data    ZI Data      Debug   Object Name

      1112        174         40         24          0      41709   cmsis-dap.o
        36          8        236          0          0        868   startup_stm32f10x_md.o
       274         30          0          0          0       3894   stm32f10x_flash.o
       422          6          0          0          0       3038   stm32f10x_gpio.o
       276         32          0         20          0       4826   stm32f10x_rcc.o
       452          6          0          0          0       7387   stm32f10x_usart.o
       504         48          0         20          0     239213   system_stm32f10x.o
        86          0        472         11        332      35398   usb_config.o
      1370        134          0          6          0      37049   usbd_stm32f103.o
       942        102         16         19        544      49282   usbd_user_cdc_acm.o
       980        150          0         24       8192       5517   usbd_user_hid.o
      5656        240         16         10        152      38683   userapp.o

    ----------------------------------------------------------------------
     12132        930        844        140      11268     466864   Object Totals
         0          0         64          0       2048          0   (incl. Generated)
        22          0          0          6          0          0   (incl. Padding)

    ----------------------------------------------------------------------

      Code (inc. data)   RO Data    RW Data    ZI Data      Debug   Library Member Name

      1028        132          0         63          0       1872   usbd_cdc_acm.o
      2118        184          0         40          0       1192   usbd_core.o
       240         32          0          0          0        156   usbd_core_cdc.o
       352         92          0          0          0        240   usbd_core_hid.o
      1300        200          0         48          0       1100   usbd_hid.o
         0          0          0          0          0          0   entry.o
         0          0          0          0          0          0   entry10a.o
         0          0          0          0          0          0   entry11a.o
         8          4          0          0          0          0   entry4.o
         4          0          0          0          0          0   entry5.o
         0          0          0          0          0          0   entry7b.o
         0          0          0          0          0          0   entry8b.o
         8          4          0          0          0          0   entry9a.o
        30          0          0          0          0          0   handlers.o
        36          8          0          0          0         68   init.o
        36          0          0          0          0         68   memcpya.o

    ----------------------------------------------------------------------
      5172        656          0        152          0       4696   Library Totals
        12          0          0          1          0          0   (incl. Padding)

    ----------------------------------------------------------------------

      Code (inc. data)   RO Data    RW Data    ZI Data      Debug   Library Name

      5038        640          0        151          0       4560   USB_CM3.lib
       122         16          0          0          0        136   mc_w.l

    ----------------------------------------------------------------------
      5172        656          0        152          0       4696   Library Totals

    ----------------------------------------------------------------------

==============================================================================


      Code (inc. data)   RO Data    RW Data    ZI Data      Debug   

     17304       1586        844        292      11268     462248   Grand Totals
     17304       1586        844        292      11268     462248   ELF Image Totals
     17304       1586        844        292          0          0   ROM Totals

==============================================================================

    Total RO  Size (Code + RO Data)                18148 (  17.72kB)
    Total RW  Size (RW Data + ZI Data)             11560 (  11.29kB)
    Total ROM Size (Code + RO Data + RW Data)      18440 (  18.01kB)

==============================================================================

