<html>
<body>
<pre>
<h1>礦ision Build Log</h1>
<h2>Tool Versions:</h2>
IDE-Version: 礦ision V5.25.2.0
Copyright (C) 2018 ARM Ltd and ARM Germany GmbH. All rights reserved.
License Information: ailike z, ailike, LIC=JL28T-R0Y1Z-MMB9I-T3MJ3-9HMEK-F68B5
 
Tool Versions:
Toolchain:       MDK-ARM Plus  Version: 5.25.2.0
Toolchain Path:  C:\opt\Keil_v5\ARM\ARMCC\Bin
C Compiler:      Armcc.exe V5.06 update 6 (build 750)
Assembler:       Armasm.exe V5.06 update 6 (build 750)
Linker/Locator:  ArmLink.exe V5.06 update 6 (build 750)
Library Manager: ArmAr.exe V5.06 update 6 (build 750)
Hex Converter:   FromElf.exe V5.06 update 6 (build 750)
CPU DLL:         SARMCM3.DLL V5.25.2.0
Dialog DLL:      DARMSTM.DLL V1.68.0.0
Target DLL:      Segger\JL2CM3.dll V2.99.29.0
Dialog DLL:      TARMSTM.DLL V1.66.0.0
 
<h2>Project:</h2>
C:\Users\13567\Documents\workshop\mcu\references\Various_MCU_Debugger_DIY\CMSIS_DAP\cmsis-dap-src\源代码\工程文件\STM32\CMSIS_DAP.uvproj
Project File Date:  07/29/2018

<h2>Output:</h2>
*** Using Compiler 'V5.06 update 6 (build 750)', folder: 'C:\opt\Keil_v5\ARM\ARMCC\Bin'
Build target 'CMSIS-DAP-STLINKV21'
assembling startup_stm32f10x_md.s...
compiling usb_config.c...
compiling system_stm32f10x.c...
system_stm32f10x.c(102): warning:  #1215-D: #warning directive: "Use STM32F103Cx (72 MHz)"
  		#warning "Use STM32F103Cx (72 MHz)"
system_stm32f10x.c: 1 warning, 0 errors
compiling UserApp.c...
compiling CMSIS-DAP.c...
compiling usbd_STM32F103.c...
compiling usbd_user_cdc_acm.c...
compiling stm32f10x_gpio.c...
compiling usbd_user_hid.c...
compiling stm32f10x_rcc.c...
compiling stm32f10x_usart.c...
compiling stm32f10x_flash.c...
compiling misc.c...
linking...
Program Size: Code=17304 RO-data=844 RW-data=292 ZI-data=11268  
FromELF: creating hex file...
".\build\CMSIS-DAP-STLINK21\CMSIS-DAP-STLINK21.axf" - 0 Error(s), 1 Warning(s).
Build Time Elapsed:  00:00:34
</pre>
</body>
</html>
