<html>
<body>
<pre>
<h1>µVision Build Log</h1>
<h2>Tool Versions:</h2>
IDE-Version: µVision V5.25.2.0
Copyright (C) 2018 ARM Ltd and ARM Germany GmbH. All rights reserved.
License Information: ailike z, ailike, LIC=JL28T-R0Y1Z-MMB9I-T3MJ3-9HMEK-F68B5
 
Tool Versions:
Toolchain:       MDK-ARM Plus  Version: 5.25.2.0
Toolchain Path:  C:\opt\Keil_v5\ARM\ARMCC\Bin
C Compiler:      Armcc.exe V5.06 update 6 (build 750)
Assembler:       Armasm.exe V5.06 update 6 (build 750)
Linker/Locator:  ArmLink.exe V5.06 update 6 (build 750)
Library Manager: ArmAr.exe V5.06 update 6 (build 750)
Hex Converter:   FromElf.exe V5.06 update 6 (build 750)
CPU DLL:         SARMCM3.DLL V5.25.2.0
Dialog DLL:      DARMSTM.DLL V1.68.0.0
Target DLL:      Segger\JL2CM3.dll V2.99.29.0
Dialog DLL:      TARMSTM.DLL V1.66.0.0
 
<h2>Project:</h2>
C:\Users\13567\Desktop\STM32F103C8T6_CMSIS-DAP_SWO-master\STM32F103C8T6DAP.uvproj
Project File Date:  07/29/2018

<h2>Output:</h2>
*** Using Compiler 'V5.06 update 6 (build 750)', folder: 'C:\opt\Keil_v5\ARM\ARMCC\Bin'
Build target 'STM32F103-BLUEPILL'
compiling usb_config.c...
compiling usbd_user_hid.c...
compiling main.c...
User\main.c(23): warning:  #1215-D: #warning directive: "BLUEPILL board: using SWD/TMS-PB9, SWC/TCK-PB8, SWO/TDO-PB7, nRESET-PB6, TDI-PB5"
  #warning "BLUEPILL board: using SWD/TMS-PB9, SWC/TCK-PB8, SWO/TDO-PB7, nRESET-PB6, TDI-PB5"
User\main.c: 1 warning, 0 errors
compiling usbd_STM32F103.c...
compiling usbd_user_cdc_acm.c...
linking...
Program Size: Code=33192 RO-data=1148 RW-data=276 ZI-data=17924  
FromELF: creating hex file...
".\build\F103-DAP-SWO-CDC-BLUEPILL.axf" - 0 Error(s), 1 Warning(s).
Build Time Elapsed:  00:00:14
</pre>
</body>
</html>
