<html>
<body>
<pre>
<h1>µVision Build Log</h1>
<h2>Tool Versions:</h2>
IDE-Version: µVision V5.26.0.0
Copyright (C) 2018 ARM Ltd and ARM Germany GmbH. All rights reserved.
License Information: ailike z, ailike, LIC=JL28T-R0Y1Z-MMB9I-T3MJ3-9HMEK-F68B5
 
Tool Versions:
Toolchain:       MDK-ARM Plus  Version: 5.26.0.0
Toolchain Path:  C:\opt\Keil_v5\ARM\ARMCC\Bin
C Compiler:      Armcc.exe V5.06 update 6 (build 750)
Assembler:       Armasm.exe V5.06 update 6 (build 750)
Linker/Locator:  ArmLink.exe V5.06 update 6 (build 750)
Library Manager: ArmAr.exe V5.06 update 6 (build 750)
Hex Converter:   FromElf.exe V5.06 update 6 (build 750)
CPU DLL:         SARMCM3.DLL V5.26.0.0
Dialog DLL:      DARMSTM.DLL V1.68.0.0
Target DLL:      STLink\ST-LINKIII-KEIL_SWO.dll V3.0.1.0
Dialog DLL:      TARMSTM.DLL V1.66.0.0
 
<h2>Project:</h2>
C:\Users\13567\Documents\workshop\mcu\references\Various_MCU_Debugger_DIY\CMSIS_DAPÖÆ×÷\STM32F103C8T6_CMSIS-DAP_SWO-master\STM32F103C8T6DAP.uvproj
Project File Date:  08/06/2018

<h2>Output:</h2>
*** Using Compiler 'V5.06 update 6 (build 750)', folder: 'C:\opt\Keil_v5\ARM\ARMCC\Bin'
Build target 'STM32F103-BLUEPILL'
assembling startup_stm32f10x_md.s...
compiling system_stm32f10x.c...
User\system_stm32f10x.c(102): warning:  #1215-D: #warning directive: "Use STM32F103Cx (72 MHz)"
  		#warning "Use STM32F103Cx (72 MHz)"
User\system_stm32f10x.c: 1 warning, 0 errors
compiling DAP.c...
compiling main.c...
User\main.c(21): warning:  #1215-D: #warning directive: "BLUEPILL board: using Remapped SWD/SWC port, SWO/TDO-PB7, nRESET-PB6, TDI-PB5"
  #warning "BLUEPILL board: using Remapped SWD/SWC port, SWO/TDO-PB7, nRESET-PB6, TDI-PB5"
User\main.c: 1 warning, 0 errors
compiling JTAG_DP.c...
compiling SW_DP.c...
compiling misc.c...
compiling SWO.c...
compiling stm32f10x_flash.c...
compiling stm32f10x_gpio.c...
compiling stm32f10x_rcc.c...
compiling DMA_STM32F10x.c...
compiling GPIO_STM32F10x.c...
compiling usb_config.c...
compiling USART_STM32F10x.c...
compiling usbd_STM32F103.c...
compiling usbd_user_hid.c...
compiling usbd_user_cdc_acm.c...
linking...
Program Size: Code=33860 RO-data=1148 RW-data=276 ZI-data=17924  
FromELF: creating hex file...
".\build\F103-DAP-SWO-CDC-BLUEPILL.axf" - 0 Error(s), 2 Warning(s).
Build Time Elapsed:  00:00:57
</pre>
</body>
</html>
